  - "U-Boot 2015.01-st-2015 (Dec 08 2016 - 09:15:46) - stm24-2016-01-20"
  - "arm-stcore-linux-gnueabi-gcc (GCC) 5.3.0"
  - "GNU ld (GNU Binutils) 2.26.0.20160226"
  - "[u-bootrom] starting..."
  - "[u-bootrom] silently sourcing [mmc 0:1]/b2260/u-bootrom.script"
  - "[bootscript] boot from b2260/u-bootrom.script-uboot"
  - "reading b2260/u-bootrom.script-uboot"
  - "1228 bytes read in 22 ms ( 53.7 KiB/s)"
  - "reading b2260/u-boot.bin"
  - "423748 bytes read in 66 ms (  6.1 MiB/s)"
  - "## Kick secondaries back in new hpen config"
  - "## Secondary status update: 0x1"
  - "## Starting application at 0x40000000 ..."
  - ""
  - ""
  - "U-Boot 2015.01-st-2015 (Nov 10 2016 - 12:14:37) - stm24-2016-01-20"
  - ""
  - ""
  - "Board: B2260-revx-STxH410 [ARM] "
  - "I2C:   ready"
  - "DRAM:  992 MiB"
  - "MMC:   boot: non-eMMC."
  - "stm-sdhci0: 0"
  - "SPI:  Using default environment"
  - "In:    serial"
  - "Out:   serial"
  - "Err:   serial"
  - "Net:   STM-GMAC: entering stmac_eth_register()"
  - "stmac-1"
  - "Error: stmac-1 address not set."
  - "Hit any key to stop autoboot:  1  "

- cmd: print
  interrupt: True
  delay: 0
  jitter: 0.05
  lines:
  - "Hit any key to stop autoboot:  2  "
  - "Hit any key to stop autoboot:  3  "
  - "Hit any key to stop autoboot:  4  "
  - "Hit any key to stop autoboot:  5  "
  - "Hit any key to stop autoboot:  6  "
  - "Hit any key to stop autoboot:  7  "

- cmd: print
  delay: 0
  jitter: 0.0005
  lines:
  - "=> "

- cmd: wait
  for: "setenv loadkernel 'tftp 0x60000000 (?P<tftp_vmlinux>[\\w_/-]+uImage)"
  prompt: "=> "
  delay: 0
  jitter: 0.0005

- cmd: wait
  for: "setenv loadfdt 'tftp 0x47000000 (?P<tftp_dtb>[\\w_/-]+stih410-b2260.dtb)"
  prompt: "=> "
  delay: 0
  jitter: 0.0005

- cmd: wait
  for: "setenv nfsargs 'setenv bootargs console=ttyAS1,115200n8 root=/dev/nfs rw nfsroot=(?P<server_ip>\\d+\\.\\d+\\.\\d+\\.\\d+):/var/lib/lava/dispatcher/tmp/(?P<nfs_tmpdir>\\d+/[\\w_-]+),tcp,hard,intr"
  prompt: "=> "
  delay: 0
  jitter: 0.0005

- cmd: wait
  for: "run bootcmd"
  prompt: "=> "
  delay: 0
  jitter: 0.05

- cmd: print
  delay: 0
  jitter: 0.00001
  lines:
  - "STM-GMAC: entering stmac_halt()"
  - "STM-GMAC: MAC RX/TX disabled"
  - "STM-GMAC: entering stmac_init()"
  - "Using MAC Address 00:80:e1:12:81:3a"
  - "STM-GMAC: REALTEK RTL8211E(G) found"
  - "STM-GMAC: 100Mbs full duplex link detected"
  - "STM-GMAC: stmac_set_mac_mii_cap(full_duplex=1, speed=100)"
  - "STM-GMAC: allocate and init the DMA RX/TX lists"
  - "STM-GMAC: Allocating coherent descriptors "
  - "Successfully allocated coherent descriptors "
  - "STM-GMAC: DMA Core setup"
  - "STM-GMAC: MAC RX/TX enabled"
  - "BOOTP broadcast 1"
  - "*** WARNING: using vendor optional boot file"
  - "*** WARNING: using vendor optional boot file"
  - "DHCP client bound to address 10.48.2.148 (24 ms)"
  - "STM-GMAC: entering stmac_halt()"
  - "STM-GMAC: MAC RX/TX disabled"
  - "STM-GMAC: entering stmac_halt()"
  - "STM-GMAC: MAC RX/TX disabled"
  - "STM-GMAC: entering stmac_init()"
  - "Using MAC Address 00:80:e1:12:81:3a"
  - "STM-GMAC: REALTEK RTL8211E(G) found"
  - "STM-GMAC: 100Mbs full duplex link detected"
  - "STM-GMAC: stmac_set_mac_mii_cap(full_duplex=1, speed=100)"
  - "STM-GMAC: allocate and init the DMA RX/TX lists"
  - "STM-GMAC: Using already allocated descriptors."
  - "STM-GMAC: DMA Core setup"
  - "STM-GMAC: MAC RX/TX enabled"
  - "Using stmac-1 device"
  - "TFTP from server {server_ip}; our IP address is {board_ip}"
  - "Filename '{tftp_vmlinux}'."

- cmd: execute
  args:
  - "./share/utils/tftp.get.py"
  - "--host"
  - "{server_ip}"
  - "{tftp_vmlinux}"
  quit_on:
    1: "Unable to download the file"
    2: "Unable to find the script"

- cmd: print
  delay: 0
  jitter: 0.00001
  lines:
  - "Load address: 0x60000000"
  - "Loading: #################################################################"
  - "   #################################################################"
  - "   #################################################################"
  - "   #################################################################"
  - "   #################################################################"
  - "   #################################################################"
  - "   #################################################################"
  - "   #############"
  - "     1.7 MiB/s"
  - "done"
  - "Bytes transferred = 6858968 (68a8d8 hex)"
  - "STM-GMAC: entering stmac_halt()"
  - "STM-GMAC: MAC RX/TX disabled"
  - "STM-GMAC: entering stmac_halt()"
  - "STM-GMAC: MAC RX/TX disabled"
  - "STM-GMAC: entering stmac_init()"
  - "Using MAC Address 00:80:e1:12:81:3a"
  - "STM-GMAC: REALTEK RTL8211E(G) found"
  - "STM-GMAC: 100Mbs full duplex link detected"
  - "STM-GMAC: stmac_set_mac_mii_cap(full_duplex=1, speed=100)"
  - "STM-GMAC: allocate and init the DMA RX/TX lists"
  - "STM-GMAC: Using already allocated descriptors."
  - "STM-GMAC: DMA Core setup"
  - "STM-GMAC: MAC RX/TX enabled"
  - "Using stmac-1 device"
  - "TFTP from server {server_ip}; our IP address is {board_ip}"
  - "Filename '{tftp_dtb}'."

- cmd: execute
  args:
  - "./share/utils/tftp.get.py"
  - "--host"
  - "{server_ip}"
  - "{tftp_dtb}"
  quit_on:
    1: "Unable to download the file"
    2: "Unable to find the script"

- cmd: print
  delay: 0
  jitter: 0.00001
  lines:
  - "Load address: 0x60000000"
  - "Loading: #################################################################"
  - "   #################################################################"
  - "   #################################################################"
  - "   #################################################################"
  - "   #################################################################"
  - "   #################################################################"
  - "   #################################################################"
  - "   #############"
  - "     1.7 MiB/s"
  - "done"
  - "Bytes transferred = 6858968 (68a8d8 hex)"
  - "STM-GMAC: entering stmac_halt()"
  - "STM-GMAC: MAC RX/TX disabled"
  - "STM-GMAC: entering stmac_halt()"
  - "STM-GMAC: MAC RX/TX disabled"
  - "STM-GMAC: entering stmac_init()"
  - "Using MAC Address 00:80:e1:12:81:3a"
  - "STM-GMAC: REALTEK RTL8211E(G) found"
  - "STM-GMAC: 100Mbs full duplex link detected"
  - "STM-GMAC: stmac_set_mac_mii_cap(full_duplex=1, speed=100)"
  - "STM-GMAC: allocate and init the DMA RX/TX lists"
  - "STM-GMAC: Using already allocated descriptors."
  - "STM-GMAC: DMA Core setup"
  - "STM-GMAC: MAC RX/TX enabled"
  - "Using stmac-1 device"
  - "TFTP from server 10.48.1.24; our IP address is 10.48.2.148"
  - "Filename 'tmpVTE_25/stih410-b2260.dtb'."
  - "Load address: 0x47000000"
  - "Loading: ####"
  - "     1.2 MiB/s"
  - "done"
  - "Bytes transferred = 47081 (b7e9 hex)"
  - "STM-GMAC: entering stmac_halt()"
  - "STM-GMAC: MAC RX/TX disabled"
  - "## Booting kernel from Legacy Image at 60000000 ..."
  - "   Image Name:   Linux-4.8.0-00007-gb250b05"
  - "   Created:      2016-10-04  11:28:58 UTC"
  - "   Image Type:   ARM Linux Kernel Image (uncompressed)"
  - "   Data Size:    6858904 Bytes =   6.5 MiB"
  - "   Load Address: 40008000"
  - "   Entry Point:  40008000"
  - "   Verifying Checksum ... OK"
  - "## Flattened Device Tree blob at 47000000"
  - "   Booting using the fdt blob at 0x47000000"
  - "   Loading Kernel Image ... OK"
  - "   Using Device Tree in place at 47000000, end 4700e7e8"
  - ""
  - "Starting kernel ..."
  - "   Using FDT blob at 0x47000000"
  - "Starting kernel ..."
  - "[    0.000000] Booting Linux on physical CPU 0x0"
  - "[    0.000000] Linux version 4.8.0-00007-gb250b05 (nxp11987@lmenx316) (gcc version 4.9.2 20150113 (STMicroelectronics/Linux Base 4.9.2-139) (GCC) ) #24 SMP Tue Oct 4 13:28:19 CEST 2016"
  - "[    0.000000] CPU: ARMv7 Processor [413fc090] revision 0 (ARMv7), cr=10c5387d"
  - "[    0.000000] CPU: PIPT / VIPT nonaliasing data cache, VIPT aliasing instruction cache"
  - "[    0.000000] OF: fdt:Machine model: STiH410 B2260"
  - "[    0.000000] Reserved memory: created DMA memory pool at 0x43000000, size 16 MiB"
  - "[    0.000000] OF: reserved mem: initialized node rproc@43000000, compatible id shared-dma-pool"
  - "[    0.000000] cma: Reserved 64 MiB at 0x7a000000"
  - "[    0.000000] Memory policy: Data cache writealloc"
  - "[    0.000000] percpu: Embedded 14 pages/cpu @eeff3000 s25984 r8192 d23168 u57344"
  - "[    0.000000] Built 1 zonelists in Zone order, mobility grouping on.  Total pages: 248336"
  - "[    0.000000] Kernel command line: console=ttyAS1,115200 consoleblank=0 ip=::::stiH410::dhcp kmac=dev:eth0,addr:00:80:E1:12:81:3A mem=992M@0x40000000 vmalloc=256m clk_ignore_unused root=/dev/nfs rw nfsroot=10.48.1.24:/var/lib/lava/dispatcher/tmp/tmpVAarda,tcp,hard,intr earlyprintk"
  - "[    0.000000] PID hash table entries: 4096 (order: 2, 16384 bytes)"
  - "[    0.000000] Dentry cache hash table entries: 131072 (order: 7, 524288 bytes)"
  - "[    0.000000] Inode-cache hash table entries: 65536 (order: 6, 262144 bytes)"
  - "[    0.000000] Memory: 908132K/999424K available (9216K kernel code, 1087K rwdata, 3768K rodata, 2048K init, 343K bss, 25756K reserved, 65536K cma-reserved, 172032K highmem)"
  - "[    0.000000] Virtual kernel memory layout:"
  - "[    0.000000]     vector  : 0xffff0000 - 0xffff1000   (   4 kB)"
  - "[    0.000000]     fixmap  : 0xffc00000 - 0xfff00000   (3072 kB)"
  - "[    0.000000]     vmalloc : 0xf0000000 - 0xff800000   ( 248 MB)"
  - "[    0.000000]     lowmem  : 0xc0000000 - 0xef800000   ( 760 MB)"
  - "[    0.000000]     pkmap   : 0xbfe00000 - 0xc0000000   (   2 MB)"
  - "[    0.000000]     modules : 0xbf000000 - 0xbfe00000   (  14 MB)"
  - "[    0.000000]       .text : 0xc0208000 - 0xc0c00000   (10208 kB)"
  - "[    0.000000]       .init : 0xc1000000 - 0xc1200000   (2048 kB)"
  - "[    0.000000]       .data : 0xc1200000 - 0xc130fcc0   (1088 kB)"
  - "[    0.000000]        .bss : 0xc1311000 - 0xc1366c08   ( 344 kB)"
  - "[    0.000000] SLUB: HWalign=64, Order=0-3, MinObjects=0, CPUs=2, Nodes=1"
  - "[    0.000000] Hierarchical RCU implementation."
  - "[    0.000000]  Build-time adjustment of leaf fanout to 32."
  - "[    0.000000]  RCU restricting CPUs from NR_CPUS=16 to nr_cpu_ids=2."
  - "[    0.000000] RCU: Adjusting geometry for rcu_fanout_leaf=32, nr_cpu_ids=2"
  - "[    0.000000] NR_IRQS:16 nr_irqs:16 16"
  - "[    0.000000] L2C: platform modifies aux control register: 0x02080000 -> 0x30480000"
  - "[    0.000000] L2C: DT/platform modifies aux control register: 0x02080000 -> 0x30480000"
  - "[    0.000000] L2C: DT/platform tries to modify or specify cache size"
  - "[    0.000000] L2C-310 erratum 769419 enabled"
  - "[    0.000000] L2C-310 enabling early BRESP for Cortex-A9"
  - "[    0.000000] L2C-310 dynamic clock gating disabled, standby mode disabled"
  - "[    0.000000] L2C-310 cache controller enabled, 8 ways, 1024 kB"
  - "[    0.000000] L2C-310: CACHE_ID 0x410000c8, AUX_CTRL 0x02080000"
  - "[    0.000014] sched_clock: 32 bits at 30MHz, resolution 33ns, wraps every 71582788591ns"
  - "[    0.000035] clocksource: clksrc-st-lpc: mask: 0xffffffff max_cycles: 0xffffffff, max_idle_ns: 63708681553 ns"
  - "[    0.000047] clksrc-st-lpc: clocksource initialised - running @ 30000000Hz"
  - "[    0.000633] GIC: PPI11 is secure or misconfigured"
  - "[    0.000655] sched_clock: 64 bits at 750MHz, resolution 1ns, wraps every 4398046511103ns"
  - "[    0.000670] clocksource: arm_global_timer: mask: 0xffffffffffffffff max_cycles: 0xacf9151134, max_idle_ns: 440795214493 ns"
  - "[    0.000695] GIC: PPI11 is secure or misconfigured"
  - "[    0.000709] Switching to timer-based delay loop, resolution 1ns"
  - "[    0.000901] Console: colour dummy device 80x30"
  - "[    0.000932] Calibrating delay loop (skipped), value calculated using timer frequency.. 1500.00 BogoMIPS (lpj=3750000)"
  - "[    0.000946] pid_max: default: 32768 minimum: 301"
  - "[    0.001049] Mount-cache hash table entries: 2048 (order: 1, 8192 bytes)"
  - "[    0.001063] Mountpoint-cache hash table entries: 2048 (order: 1, 8192 bytes)"
  - "[    0.001782] CPU: Testing write buffer coherency: ok"
  - "[    0.002259] CPU0: thread -1, cpu 0, socket 0, mpidr 80000000"
  - "[    0.002910] Setting up static identity map for 0x40300000 - 0x40300098"
  - "[    0.010653] GIC: PPI11 is secure or misconfigured"
  - "[    0.010671] CPU1: thread -1, cpu 1, socket 0, mpidr 80000001"
  - "[    0.010839] Brought up 2 CPUs"
  - "[    0.010866] SMP: Total of 2 processors activated (3000.00 BogoMIPS)."
  - "[    0.010874] CPU: All CPU(s) started in SVC mode."
  - "[    0.011709] devtmpfs: initialized"
  - "[    0.019222] VFP support v0.3: implementor 41 architecture 3 part 30 variant 9 rev 4"
  - "[    0.019860] clocksource: jiffies: mask: 0xffffffff max_cycles: 0xffffffff, max_idle_ns: 9556302231375000 ns"
  - "[    0.026407] pinctrl core: initialized pinctrl subsystem"
  - "[    0.028865] NET: Registered protocol family 16"
  - "[    0.030987] DMA: preallocated 256 KiB pool for atomic coherent allocations"
  - "[    0.045747] cpuidle: using governor menu"
  - "[    0.046175] No ATAGs?"
  - "[    0.046209] hw-breakpoint: found 5 (+1 reserved) breakpoint and 1 watchpoint registers."
  - "[    0.046219] hw-breakpoint: maximum watchpoint size is 4 bytes."
  - "[    0.049159] Serial: AMBA PL011 UART driver"
  - "[    0.055184] st-pinctrl 961f080.pin-controller-sbc: nbanks = 6"
  - "[    0.055201] st-pinctrl 961f080.pin-controller-sbc: nfunctions = 12"
  - "[    0.055209] st-pinctrl 961f080.pin-controller-sbc: ngroups = 27"
  - "[    0.055928] st-pinctrl 961f080.pin-controller-sbc: PIO0 bank added."
  - "[    0.056432] st-pinctrl 961f080.pin-controller-sbc: PIO1 bank added."
  - "[    0.056893] st-pinctrl 961f080.pin-controller-sbc: PIO2 bank added."
  - "[    0.057364] st-pinctrl 961f080.pin-controller-sbc: PIO3 bank added."
  - "[    0.057796] st-pinctrl 961f080.pin-controller-sbc: PIO4 bank added."
  - "[    0.058279] st-pinctrl 961f080.pin-controller-sbc: PIO5 bank added."
  - "[    0.058404] st-pinctrl 961f080.pin-controller-sbc: Function[0   name:cec0, groups:1]"
  - "[    0.058449] st-pinctrl 961f080.pin-controller-sbc: Function[1   name:rc, groups:4]"
  - "[    0.058471] st-pinctrl 961f080.pin-controller-sbc: Function[2   name:sbc_serial0,  groups:1]"
  - "[    0.058490] st-pinctrl 961f080.pin-controller-sbc: Function[3   name:sbc_serial1,  groups:1]"
  - "[    0.058507] st-pinctrl 961f080.pin-controller-sbc: Function[4   name:i2c10,  groups:1]"
  - "[    0.058523] st-pinctrl 961f080.pin-controller-sbc: Function[5   name:i2c11,  groups:1]"
  - "[    0.058553] st-pinctrl 961f080.pin-controller-sbc: Function[6   name:keyscan,  groups:1]"
  - "[    0.058691] st-pinctrl 961f080.pin-controller-sbc: Function[7   name:gmac1,  groups:7]"
  - "[    0.058725] st-pinctrl 961f080.pin-controller-sbc: Function[8   name:pwm1, groups:4]"
  - "[    0.058749] st-pinctrl 961f080.pin-controller-sbc: Function[9   name:spi10,  groups:2]"
  - "[    0.058772] st-pinctrl 961f080.pin-controller-sbc: Function[10  name:spi11,  groups:2]"
  - "[    0.058795] st-pinctrl 961f080.pin-controller-sbc: Function[11  name:spi12,  groups:2]"
  - "[    0.059545] st-pinctrl 920f080.pin-controller-front0: nbanks = 10"
  - "[    0.059562] st-pinctrl 920f080.pin-controller-front0: nfunctions = 22"
  - "[    0.059570] st-pinctrl 920f080.pin-controller-front0: ngroups = 46"
  - "[    0.060169] st-pinctrl 920f080.pin-controller-front0: PIO10 bank added."
  - "[    0.060632] st-pinctrl 920f080.pin-controller-front0: PIO11 bank added."
  - "[    0.061157] st-pinctrl 920f080.pin-controller-front0: PIO12 bank added."
  - "[    0.061603] st-pinctrl 920f080.pin-controller-front0: PIO13 bank added."
  - "[    0.062044] st-pinctrl 920f080.pin-controller-front0: PIO14 bank added."
  - "[    0.062483] st-pinctrl 920f080.pin-controller-front0: PIO15 bank added."
  - "[    0.062933] st-pinctrl 920f080.pin-controller-front0: PIO16 bank added."
  - "[    0.063387] st-pinctrl 920f080.pin-controller-front0: PIO17 bank added."
  - "[    0.063831] st-pinctrl 920f080.pin-controller-front0: PIO18 bank added."
  - "[    0.064288] st-pinctrl 920f080.pin-controller-front0: PIO19 bank added."
  - "[    0.064447] st-pinctrl 920f080.pin-controller-front0: Function[0  name:serial0,  groups:1]"
  - "[    0.064486] st-pinctrl 920f080.pin-controller-front0: Function[1  name:serial1,  groups:1]"
  - "[    0.064531] st-pinctrl 920f080.pin-controller-front0: Function[2  name:serial2,  groups:1]"
  - "[    0.064596] st-pinctrl 920f080.pin-controller-front0: Function[3  name:mmc1, groups:1]"
  - "[    0.064620] st-pinctrl 920f080.pin-controller-front0: Function[4  name:i2c0, groups:1]"
  - "[    0.064643] st-pinctrl 920f080.pin-controller-front0: Function[5  name:i2c1, groups:1]"
  - "[    0.064677] st-pinctrl 920f080.pin-controller-front0: Function[6  name:i2c2, groups:2]"
  - "[    0.064725] st-pinctrl 920f080.pin-controller-front0: Function[7  name:i2c3, groups:3]"
  - "[    0.064786] st-pinctrl 920f080.pin-controller-front0: Function[8  name:spi0, groups:4]"
  - "[    0.064843] st-pinctrl 920f080.pin-controller-front0: Function[9  name:spi1, groups:4]"
  - "[    0.064925] st-pinctrl 920f080.pin-controller-front0: Function[10   name:spi2, groups:6]"
  - "[    0.065025] st-pinctrl 920f080.pin-controller-front0: Function[11   name:spi3, groups:6]"
  - "[    0.065101] st-pinctrl 920f080.pin-controller-front0: Function[12   name:tsin0,  groups:2]"
  - "[    0.065181] st-pinctrl 920f080.pin-controller-front0: Function[13   name:tsin1,  groups:2]"
  - "[    0.065265] st-pinctrl 920f080.pin-controller-front0: Function[14   name:tsin2,  groups:2]"
  - "[    0.065301] st-pinctrl 920f080.pin-controller-front0: Function[15   name:tsin3,  groups:1]"
  - "[    0.065337] st-pinctrl 920f080.pin-controller-front0: Function[16   name:tsin4,  groups:1]"
  - "[    0.065397] st-pinctrl 920f080.pin-controller-front0: Function[17   name:tsin5,  groups:2]"
  - "[    0.065476] st-pinctrl 920f080.pin-controller-front0: Function[18   name:tsout0, groups:2]"
  - "[    0.065516] st-pinctrl 920f080.pin-controller-front0: Function[19   name:tsout1, groups:1]"
  - "[    0.065571] st-pinctrl 920f080.pin-controller-front0: Function[20   name:mtsin0, groups:1]"
  - "[    0.065619] st-pinctrl 920f080.pin-controller-front0: Function[21   name:systrace, groups:1]"
  - "[    0.066349] st-pinctrl 921f080.pin-controller-front1: nbanks = 1"
  - "[    0.066366] st-pinctrl 921f080.pin-controller-front1: nfunctions = 1"
  - "[    0.066374] st-pinctrl 921f080.pin-controller-front1: ngroups = 1"
  - "[    0.066940] st-pinctrl 921f080.pin-controller-front1: PIO20 bank added."
  - "[    0.067199] st-pinctrl 921f080.pin-controller-front1: Function[0  name:tsin4,  groups:1]"
  - "[    0.067850] st-pinctrl 922f080.pin-controller-rear: nbanks = 6"
  - "[    0.067866] st-pinctrl 922f080.pin-controller-rear: nfunctions = 8"
  - "[    0.067874] st-pinctrl 922f080.pin-controller-rear: ngroups = 11"
  - "[    0.068463] st-pinctrl 922f080.pin-controller-rear: PIO30 bank added."
  - "[    0.068905] st-pinctrl 922f080.pin-controller-rear: PIO31 bank added."
  - "[    0.069391] st-pinctrl 922f080.pin-controller-rear: PIO32 bank added."
  - "[    0.069852] st-pinctrl 922f080.pin-controller-rear: PIO33 bank added."
  - "[    0.070305] st-pinctrl 922f080.pin-controller-rear: PIO34 bank added."
  - "[    0.070829] st-pinctrl 922f080.pin-controller-rear: PIO35 bank added."
  - "[    0.071055] st-pinctrl 922f080.pin-controller-rear: Function[0  name:i2c4, groups:1]"
  - "[    0.071127] st-pinctrl 922f080.pin-controller-rear: Function[1  name:i2c5, groups:1]"
  - "[    0.071200] st-pinctrl 922f080.pin-controller-rear: Function[2  name:usb3, groups:1]"
  - "[    0.071234] st-pinctrl 922f080.pin-controller-rear: Function[3  name:pwm0, groups:1]"
  - "[    0.071411] st-pinctrl 922f080.pin-controller-rear: Function[4  name:spi4, groups:4]"
  - "[    0.071458] st-pinctrl 922f080.pin-controller-rear: Function[5  name:serial3,  groups:1]"
  - "[    0.071507] st-pinctrl 922f080.pin-controller-rear: Function[6  name:usb0, groups:1]"
  - "[    0.071559] st-pinctrl 922f080.pin-controller-rear: Function[7  name:usb1, groups:1]"
  - "[    0.072236] st-pinctrl 923f080.pin-controller-flash: nbanks = 3"
  - "[    0.072252] st-pinctrl 923f080.pin-controller-flash: nfunctions = 3"
  - "[    0.072260] st-pinctrl 923f080.pin-controller-flash: ngroups = 4"
  - "[    0.072867] st-pinctrl 923f080.pin-controller-flash: PIO40 bank added."
  - "[    0.073316] st-pinctrl 923f080.pin-controller-flash: PIO41 bank added."
  - "[    0.073765] st-pinctrl 923f080.pin-controller-flash: PIO42 bank added."
  - "[    0.074386] st-pinctrl 923f080.pin-controller-flash: Function[0   name:mmc0, groups:2]"
  - "[    0.074540] st-pinctrl 923f080.pin-controller-flash: Function[1   name:fsm,  groups:1]"
  - "[    0.074904] st-pinctrl 923f080.pin-controller-flash: Function[2   name:nand, groups:1]"
  - "[    0.078346] reset-stih407 soc:powerdown-controller: registered"
  - "[    0.087125] reset-stih407 soc:softreset-controller: registered"
  - "[    0.088319] reset-stih407 soc:picophyreset-controller: registered"
  - "[    0.140411] vgaarb: loaded"
  - "[    0.141440] SCSI subsystem initialized"
  - "[    0.142088] usbcore: registered new interface driver usbfs"
  - "[    0.142167] usbcore: registered new interface driver hub"
  - "[    0.142255] usbcore: registered new device driver usb"
  - "[    0.143909] pps_core: LinuxPPS API ver. 1 registered"
  - "[    0.143921] pps_core: Software ver. 5.3.6 - Copyright 2005-2007 Rodolfo Giometti <giometti@linux.it>"
  - "[    0.143953] PTP clock support registered"
  - "[    0.144222] EDAC MC: Ver: 3.0.0"
  - "[    0.147656] clocksource: Switched to clocksource clksrc-st-lpc"
  - "[    0.163985] NET: Registered protocol family 2"
  - "[    0.164565] TCP established hash table entries: 8192 (order: 3, 32768 bytes)"
  - "[    0.164640] TCP bind hash table entries: 8192 (order: 4, 65536 bytes)"
  - "[    0.164757] TCP: Hash tables configured (established 8192 bind 8192)"
  - "[    0.164911] UDP hash table entries: 512 (order: 2, 16384 bytes)"
  - "[    0.164970] UDP-Lite hash table entries: 512 (order: 2, 16384 bytes)"
  - "[    0.165195] NET: Registered protocol family 1"
  - "[    0.165811] RPC: Registered named UNIX socket transport module."
  - "[    0.165827] RPC: Registered udp transport module."
  - "[    0.165833] RPC: Registered tcp transport module."
  - "[    0.165838] RPC: Registered tcp NFSv4.1 backchannel transport module."
  - "[    0.167167] hw perfevents: enabled with armv7_cortex_a9 PMU driver, 7 counters available"
  - "[    0.168617] futex hash table entries: 512 (order: 3, 32768 bytes)"
  - "[    0.169448] workingset: timestamp_bits=30 max_order=18 bucket_order=0"
  - "[    0.176020] squashfs: version 4.0 (2009/01/31) Phillip Lougher"
  - "[    0.176803] NFS: Registering the id_resolver key type"
  - "[    0.176839] Key type id_resolver registered"
  - "[    0.176847] Key type id_legacy registered"
  - "[    0.176889] ntfs: driver 2.1.32 [Flags: R/O]."
  - "[    0.178974] bounce: pool size: 64 pages"
  - "[    0.179184] Block layer SCSI generic (bsg) driver version 0.4 loaded (major 248)"
  - "[    0.179198] io scheduler noop registered"
  - "[    0.179205] io scheduler deadline registered"
  - "[    0.179350] io scheduler cfq registered (default)"
  - "[    0.185244] stih407-usb-genphy soc:phy1: STiH407 USB Generic picoPHY driver probed!"
  - "[    0.185582] stih407-usb-genphy soc:phy2: STiH407 USB Generic picoPHY driver probed!"
  - "[    0.185885] stih407-usb-genphy soc:phy3: STiH407 USB Generic picoPHY driver probed!"
  - "[    0.186822] libphy: mdio_driver_register: phy-bcm-ns2-pci"
  - "[    0.198462] st-pinctrl 922f080.pin-controller-rear: maps: function pwm0 group pwm0-0-default num 2"
  - "[    0.198816] st-pinctrl 961f080.pin-controller-sbc: maps: function pwm1 group pwm1-0-default num 2"
  - "[    0.198847] st-pinctrl 961f080.pin-controller-sbc: maps: function pwm1 group pwm1-1-default num 2"
  - "[    0.198878] st-pinctrl 961f080.pin-controller-sbc: maps: function pwm1 group pwm1-2-default num 2"
  - "[    0.198900] st-pinctrl 961f080.pin-controller-sbc: maps: function pwm1 group pwm1-3-default num 2"
  - "[    0.307116] Serial: 8250/16550 driver, 4 ports, IRQ sharing disabled"
  - "[    0.310581] SuperH (H)SCI(F) driver initialized"
  - "[    0.312007] msm_serial: driver initialized"
  - "[    0.312303] STMicroelectronics ASC driver initialized"
  - "[    0.312546] st-pinctrl 920f080.pin-controller-front0: maps: function serial0 group serial0-0 num 3"
  - "[    0.312895] 9830000.serial: ttyAS0 at MMIO 0x9830000 (irq = 232, base_baud = 12500000) is a st-asc"
  - "[    0.313301] st-pinctrl 920f080.pin-controller-front0: maps: function serial1 group serial1-0 num 3"
  - "[    0.313586] 9831000.serial: ttyAS1 at MMIO 0x9831000 (irq = 233, base_baud = 12500000) is a st-asc"
  - "[    1.744339] console [ttyAS1] enabled"
  - "[    1.752416] st-hwrandom 8a89000.rng: Successfully registered HW RNG"
  - "[    1.758833] st-hwrandom 8a8a000.rng: Successfully registered HW RNG"
  - "[    1.766167] [drm] Initialized drm 1.1.0 20060810"
  - "[    1.793671] brd: module loaded"
  - "[    1.804375] loop: module loaded"
  - "[    1.811045] miphy28lp-phy soc:miphy28lp@9b22000: sata-up mode, addr 0xf017e000"
  - "[    1.819468] st_ahci 9b28000.sata: AHCI 0001.0300 32 slots 1 ports 6 Gbps 0x0 impl platform mode"
  - "[    1.828231] st_ahci 9b28000.sata: flags: ncq sntf pm led clo only pmp pio slum part ccc apst "
  - "[    1.837691] scsi host0: st_ahci"
  - "[    1.841115] ata1: DUMMY"
  - "[    1.852707] libphy: Fixed MDIO Bus: probed"
  - "[    1.857929] CAN device driver interface"
  - "[    1.864944] igb: Intel(R) Gigabit Ethernet Network Driver - version 5.3.0-k"
  - "[    1.871943] igb: Copyright (c) 2007-2014 Intel Corporation."
  - "[    1.880707] st-pinctrl 961f080.pin-controller-sbc: maps: function gmac1 group rgmii1-0 num 15"
  - "[    1.889304] st-pinctrl 961f080.pin-controller-sbc: maps: function gmac1 group rgmii1-mdio-1 num 3"
  - "[    1.898670] sti-dwmac 9630000.dwmac: snps,phy-addr property is deprecated"
  - "[    1.905601] sti-dwmac 9630000.dwmac: Use internal clock source"
  - "[    1.911702] stmmac - user ID: 0xca, Synopsys ID: 0x37"
  - "[    1.916795]  Ring mode enabled"
  - "[    1.919867]  DMA HW capability register supported"
  - "[    1.924418]  Enhanced/Alternate descriptors"
  - "[    1.928794]  Enabled extended descriptors"
  - "[    1.932825]  RX Checksum Offload Engine supported"
  - "[    1.937522]  COE Type 2"
  - "[    1.939977]  TX Checksum insertion supported"
  - "[    1.944263]  Wake-Up On Lan supported"
  - "[    1.947975]  Enable RX Mitigation via HW Watchdog Timer"
  - "[    3.000837] libphy: stmmac: probed"
  - "[    3.004289] eth0: PHY ID 001cc915 at 0 IRQ POLL (stmmac-0:00) active"
  - "[    3.010669] eth0: PHY ID 001cc915 at 4 IRQ POLL (stmmac-0:04)"
  - "[    3.018642] pegasus: v0.9.3 (2013/04/25), Pegasus/Pegasus II USB Ethernet driver"
  - "[    3.026171] usbcore: registered new interface driver pegasus"
  - "[    3.031934] usbcore: registered new interface driver asix"
  - "[    3.037437] usbcore: registered new interface driver ax88179_178a"
  - "[    3.043621] usbcore: registered new interface driver cdc_ether"
  - "[    3.049552] usbcore: registered new interface driver smsc75xx"
  - "[    3.055400] usbcore: registered new interface driver smsc95xx"
  - "[    3.061228] usbcore: registered new interface driver net1080"
  - "[    3.066966] usbcore: registered new interface driver cdc_subset"
  - "[    3.072966] usbcore: registered new interface driver zaurus"
  - "[    3.078654] usbcore: registered new interface driver cdc_ncm"
  - "[    3.087353] ehci_hcd: USB 2.0 'Enhanced' Host Controller (EHCI) Driver"
  - "[    3.093923] ehci-pci: EHCI PCI platform driver"
  - "[    3.098458] ehci-platform: EHCI generic platform driver"
  - "[    3.104051] ehci-orion: EHCI orion driver"
  - "[    3.108380] SPEAr-ehci: EHCI SPEAr driver"
  - "[    3.112724] ehci-st: EHCI STMicroelectronics driver"
  - "[    3.117972] st-pinctrl 922f080.pin-controller-rear: maps: function usb0 group usb2-0 num 3"
  - "[    3.126583] st-ehci 9a03e00.usb: 48MHz clk not found"
  - "[    3.131837] st-ehci 9a03e00.usb: EHCI Host Controller"
  - "[    3.136979] st-ehci 9a03e00.usb: new USB bus registered, assigned bus number 1"
  - "[    3.144550] st-ehci 9a03e00.usb: irq 249, io mem 0x09a03e00"
  - "[    3.162691] st-ehci 9a03e00.usb: USB 2.0 started, EHCI 1.00"
  - "[    3.169305] hub 1-0:1.0: USB hub found"
  - "[    3.173180] hub 1-0:1.0: 1 port detected"
  - "[    3.177726] st-pinctrl 922f080.pin-controller-rear: maps: function usb1 group usb2-1 num 3"
  - "[    3.186358] st-ehci 9a83e00.usb: 48MHz clk not found"
  - "[    3.191568] st-ehci 9a83e00.usb: EHCI Host Controller"
  - "[    3.196702] st-ehci 9a83e00.usb: new USB bus registered, assigned bus number 2"
  - "[    3.204249] st-ehci 9a83e00.usb: irq 251, io mem 0x09a83e00"
  - "[    3.222722] st-ehci 9a83e00.usb: USB 2.0 started, EHCI 1.00"
  - "[    3.229333] hub 2-0:1.0: USB hub found"
  - "[    3.233195] hub 2-0:1.0: 1 port detected"
  - "[    3.237572] ehci-exynos: EHCI EXYNOS driver"
  - "[    3.242171] ehci-atmel: EHCI Atmel driver"
  - "[    3.246521] tegra-ehci: Tegra EHCI driver"
  - "[    3.250867] ohci_hcd: USB 1.1 'Open' Host Controller (OHCI) Driver"
  - "[    3.257116] ohci-pci: OHCI PCI platform driver"
  - "[    3.261685] ohci-platform: OHCI generic platform driver"
  - "[    3.267282] ohci-omap3: OHCI OMAP3 driver"
  - "[    3.271633] SPEAr-ohci: OHCI SPEAr driver"
  - "[    3.275988] ohci-st: OHCI STMicroelectronics driver"
  - "[    3.281415] st-ohci 9a03c00.usb: 48MHz clk not found"
  - "[    3.286613] st-ohci 9a03c00.usb: ST OHCI controller"
  - "[    3.291572] st-ohci 9a03c00.usb: new USB bus registered, assigned bus number 3"
  - "[    3.299183] st-ohci 9a03c00.usb: irq 248, io mem 0x09a03c00"
  - "[    3.367489] hub 3-0:1.0: USB hub found"
  - "[    3.371387] hub 3-0:1.0: 1 port detected"
  - "[    3.376043] st-ohci 9a83c00.usb: 48MHz clk not found"
  - "[    3.381237] st-ohci 9a83c00.usb: ST OHCI controller"
  - "[    3.386207] st-ohci 9a83c00.usb: new USB bus registered, assigned bus number 4"
  - "[    3.393701] st-ohci 9a83c00.usb: irq 250, io mem 0x09a83c00"
  - "[    3.462418] hub 4-0:1.0: USB hub found"
  - "[    3.466313] hub 4-0:1.0: 1 port detected"
  - "[    3.470750] ohci-atmel: OHCI Atmel driver"
  - "[    3.476054] usbcore: registered new interface driver usb-storage"
  - "[    3.484819] mousedev: PS/2 mouse device common for all mice"
  - "[    3.496646] i2c /dev entries driver"
  - "[    3.502863] st-pinctrl 920f080.pin-controller-front0: maps: function i2c0 group i2c0-default num 3"
  - "[    3.512865] st-i2c 9840000.i2c: ST I2C(0x09840000) initialized"
  - "[    3.518825] st-pinctrl 920f080.pin-controller-front0: maps: function i2c1 group i2c1-default num 3"
  - "[    3.528639] st-i2c 9841000.i2c: ST I2C(0x09841000) initialized"
  - "[    3.534630] st-pinctrl 920f080.pin-controller-front0: maps: function i2c2 group i2c2-alt2-1 num 3"
  - "[    3.544379] st-i2c 9842000.i2c: ST I2C(0x09842000) initialized"
  - "[    3.550396] st-pinctrl 920f080.pin-controller-front0: maps: function i2c3 group i2c3-alt3-0 num 3"
  - "[    3.560147] st-i2c 9843000.i2c: ST I2C(0x09843000) initialized"
  - "[    3.562693] usb 2-1: new high-speed USB device number 2 using st-ehci"
  - "[    3.572563] st-pinctrl 961f080.pin-controller-sbc: maps: function i2c11 group i2c11-default num 3"
  - "[    3.582511] st-i2c 9541000.i2c: ST I2C(0x09541000) initialized"
  - "[    3.603611] st-lpc-wdt 8787000.lpc: LPC Watchdog driver registered, reset type is cold"
  - "[    3.616707] sdhci: Secure Digital Host Controller Interface driver"
  - "[    3.622942] sdhci: Copyright(c) Pierre Ossman"
  - "[    3.629918] Synopsys Designware Multimedia Card Interface Driver"
  - "[    3.637923] sdhci-pltfm: SDHCI platform and OF driver helper"
  - "[    3.646523] st-pinctrl 923f080.pin-controller-flash: maps: function mmc0 group sd0-0 num 12"
  - "[    3.702690] mmc0: SDHCI controller on 9060000.sdhci [9060000.sdhci] using ADMA"
  - "[    3.709981] sdhci-st 9060000.sdhci: SDHCI ST Initialised: Host Version: 0x2 Vendor Version 0x10"
  - "[    3.718827] st-pinctrl 920f080.pin-controller-front0: maps: function mmc1 group sd1-0 num 11"
  - "[    3.727872] sdhci-st 9080000.sdhci: invalid resource"
  - "[    3.732895] sdhci-st 9080000.sdhci: FlashSS Top Dly registers not available"
  - "[    3.745544] hub 2-1:1.0: USB hub found"
  - "[    3.749555] hub 2-1:1.0: 3 ports detected"
  - "[    3.787696] mmc1: SDHCI controller on 9080000.sdhci [9080000.sdhci] using ADMA"
  - "[    3.794990] sdhci-st 9080000.sdhci: SDHCI ST Initialised: Host Version: 0x2 Vendor Version 0x10"
  - "[    3.806102] ledtrig-cpu: registered to indicate activity on CPUs"
  - "[    3.812838] usbcore: registered new interface driver usbhid"
  - "[    3.818459] usbhid: USB HID core driver"
  - "[    3.833384] NET: Registered protocol family 10"
  - "[    3.839090] sit: IPv6, IPv4 and MPLS over IPv4 tunneling driver"
  - "[    3.845673] NET: Registered protocol family 17"
  - "[    3.850192] can: controller area network core (rev 20120528 abi 9)"
  - "[    3.856511] NET: Registered protocol family 29"
  - "[    3.861005] can: raw protocol (rev 20120528)"
  - "[    3.865309] can: broadcast manager protocol (rev 20160617 t)"
  - "[    3.871010] can: netlink gateway (rev 20130117) max_hops=1"
  - "[    3.877072] Key type dns_resolver registered"
  - "[    3.881620] ThumbEE CPU extension supported."
  - "[    3.885954] Registering SWP/SWPB emulation handler"
  - "[    3.895895] hctosys: unable to open rtc device (rtc0)"
  - "[    3.920247] mmc0: new high speed SDHC card at address 59b4"
  - "[    3.926509] mmcblk0: mmc0:59b4 USD   3.75 GiB "
  - "[    3.934893]  mmcblk0: p1 p2 p3"
  - "[    3.936892] IPv6: ADDRCONF(NETDEV_UP): eth0: link is not ready"
  - "[    4.052695] usb 2-1.1: new high-speed USB device number 3 using st-ehci"
  - "[   10.117980] sti-dwmac 9630000.dwmac eth0: Link is Up - 1Gbps/Full - flow control rx/tx"
  - "[   10.132735] IPv6: ADDRCONF(NETDEV_CHANGE): eth0: link becomes ready"
  - "[   10.152712] Sending DHCP requests ."
  - "[   10.200149] Link is Up - 1000/Full"
  - "[   10.212682] , OK"
  - "[   10.252681] IP-Config: Got DHCP answer from 10.48.3.252, my address is 10.48.2.148"
  - "[   10.260632] IP-Config: Complete:"
  - "[   10.263907]      device=eth0, hwaddr=00:80:e1:12:81:3a, ipaddr=10.48.2.148, mask=255.255.252.0, gw=10.48.3.254"
  - "[   10.273943]      host=Cannes2_B2260_001, domain=lme.st.com, nis-domain=(none)"
  - "[   10.281102]      bootserver=0.0.0.0, rootserver=10.48.1.24, rootpath=     nameserver0=10.201.16.209, nameserver1=10.129.252.253"
  - "[   10.292659] clk: Not disabling unused clocks"
  - "[   10.315839] VFS: Mounted root (nfs filesystem) on device 0:12."

- cmd: execute
  args:
  - "./share/utils/mount.py"
  - "--host"
  - "{server_ip}"
  - "--path"
  - "/var/lib/lava/dispatcher/tmp/"
  - "{nfs_tmpdir}/bin/bash"
  quit_on:
    1: "Unable to mount the nfs rootfs"
    2: "Unable to find the script"

- cmd: print
  delay: 0
  jitter: 0.00001
  lines:
  - "[   10.322605] devtmpfs: mounted"
  - "[   10.329735] Freeing unused kernel memory: 2048K (c1000000 - c1200000)"
  - "[   10.408122] random: fast init done"
  - "[   10.588501] systemd[1]: systemd 225 running in system mode. (+PAM -AUDIT -SELINUX +IMA -APPARMOR +SMACK +SYSVINIT +UTMP -LIBCRYPTSETUP -GCRYPT +GNUTLS +ACL +XZ -LZ4 -SECCOMP +BLKID -ELFUTILS +KMOD -IDN)"
  - "[   10.607190] systemd[1]: Detected architecture arm."
  - ""
  - "Welcome to [1mOpenSDK (A Yocto Project 2.0 based Distro) 1.0 (jethro)[0m!"
  - "[   10.629824] systemd[1]: Set hostname to <sti-4.6>."
  - "[   10.639014] systemd[1]: Initializing machine ID from random generator."
  - "[   11.199391] systemd[1]: Created slice Root Slice."
  - "[[32m  OK  [0m] Created slice Root Slice."
  - "[   11.217933] systemd[1]: Reached target Swap."
  - "[[32m  OK  [0m] Reached target Swap."
  - "[   11.238170] systemd[1]: Listening on udev Control Socket."
  - "[[32m  OK  [0m] Listening on udev Control Socket."
  - "[   11.258255] systemd[1]: Started Forward Password Requests to Wall Directory Watch."
  - "[[32m  OK  [0m] Started Forward Password Requests to Wall Directory Watch."
  - "[   11.278062] systemd[1]: Listening on udev Kernel Socket."
  - "[[32m  OK  [0m] Listening on udev Kernel Socket."
  - "[   11.298179] systemd[1]: Created slice User and Session Slice."
  - "[[32m  OK  [0m] Created slice User and Session Slice."
  - "[[32m  OK  [0m] Listening on /dev/initctl Compatibility Named Pipe."
  - "[[32m  OK  [0m] Created slice System Slice."
  - "[[32m  OK  [0m] Created slice system-serial\x2dgetty.slice."
  - "[[32m  OK  [0m] Reached target Slices."
  - "[[32m  OK  [0m] Created slice system-getty.slice."
  - "[[32m  OK  [0m] Listening on Syslog Socket."
  - "[[32m  OK  [0m] Listening on Journal Socket."
  - "         Starting Setup Virtual Console..."
  - "         Mounting Debug File System..."
  - "         Starting Remount Root and Kernel File Systems..."
  - "[[32m  OK  [0m] Reached target Remote File Systems."
  - "         Starting Apply Kernel Variables..."
  - "[[32m  OK  [0m] Listening on Journal Socket (/dev/log)."
  - "         Starting Journal Service..."
  - "         Mounting Temporary Directory..."
  - "[[32m  OK  [0m] Started Dispatch Password Requests to Console Directory Watch."
  - "[[32m  OK  [0m] Reached target Paths."
  - "[[32m  OK  [0m] Mounted Debug File System."
  - "[[32m  OK  [0m] Mounted Temporary Directory."
  - "[[32m  OK  [0m] Started Setup Virtual Console."
  - "[[32m  OK  [0m] Started Remount Root and Kernel File Systems."
  - "[[32m  OK  [0m] Started Apply Kernel Variables."
  - "         Starting Rebuild Hardware Database..."
  - "         Starting Create System Users..."
  - "         Starting Rebuild Dynamic Linker Cache..."
  - "[[32m  OK  [0m] Started Journal Service."
  - "         Starting Flush Journal to Persistent Storage..."
  - "[   12.230033] systemd-journald[117]: Received request to flush runtime journal from PID 1"
  - "[[32m  OK  [0m] Started Flush Journal to Persistent Storage."
  - "[[32m  OK  [0m] Started Create System Users."
  - "         Starting Create Static Device Nodes in /dev..."
  - "[[32m  OK  [0m] Started Create Static Device Nodes in /dev."
  - "         Starting udev Kernel Device Manager..."
  - "[[32m  OK  [0m] Reached target Local File Systems (Pre)."
  - "         Mounting /var/volatile..."
  - "[[32m  OK  [0m] Mounted /var/volatile."
  - "         Starting Load/Save Random Seed..."
  - "[[32m  OK  [0m] Reached target Local File Systems."
  - "         Starting Create Volatile Files and Directories..."
  - "         Starting Rebuild Journal Catalog..."
  - "[[32m  OK  [0m] Started Load/Save Random Seed."
  - "[[32m  OK  [0m] Started Rebuild Journal Catalog."
  - "[[32m  OK  [0m] Started udev Kernel Device Manager."
  - "[[32m  OK  [0m] Started Create Volatile Files and Directories."
  - "         Starting Network Time Synchronization..."
  - "         Starting dpkg first boot configure..."
  - "         Starting Update UTMP about System Boot/Shutdown..."
  - "[[32m  OK  [0m] Started Rebuild Dynamic Linker Cache."
  - "[   13.497832] random: crng init done"
  - "[[32m  OK  [0m] Started Update UTMP about System Boot/Shutdown."
  - "[[32m  OK  [0m] Started Network Time Synchronization."
  - "[[32m  OK  [0m] Reached target System Time Synchronized."
  - "[[32m  OK  [0m] Started Rebuild Hardware Database."
  - "         Starting Update is Completed..."
  - "         Starting udev Coldplug all Devices..."
  - "[[32m  OK  [0m] Started Update is Completed."
  - "[[32m  OK  [0m] Started udev Coldplug all Devices."
  - "[   18.495765] mmc0: Got data interrupt 0x00000002 even though no data operation was in progress."
  - "[   18.504395] sdhci: =========== REGISTER DUMP (mmc0)==========="
  - "[   18.510226] sdhci: Sys addr: 0x00000000 | Version:  0x00001002"
  - "[   18.516051] sdhci: Blk size: 0x00007200 | Blk cnt:  0x00000000"
  - "[   18.521877] sdhci: Argument: 0x00000000 | Trn mode: 0x00000033"
  - "[   18.527702] sdhci: Present:  0x1fff0000 | Host ctl: 0x00000013"
  - "[   18.533527] sdhci: Power:    0x0000000f | Blk gap:  0x00000080"
  - "[   18.539352] sdhci: Wake-up:  0x00000000 | Clock:    0x00000007"
  - "[   18.545178] sdhci: Timeout:  0x00000004 | Int stat: 0x00000001"
  - "[   18.551004] sdhci: Int enab: 0x02ff008b | Sig enab: 0x02ff008b"
  - "[   18.556828] sdhci: AC12 err: 0x00000000 | Slot int: 0x00000001"
  - "[   18.562654] sdhci: Caps:     0x21ed3281 | Caps_1:   0x00000000"
  - "[   18.568479] sdhci: Cmd:      0x00000c1a | Max curr: 0x00000000"
  - "[   18.574305] sdhci: Host ctl2: 0x00000000"
  - "[   18.578217] sdhci: ADMA Err: 0x00000000 | ADMA Ptr: 0x7a048208"
  - "[   18.584042] sdhci: ==========================================="
  - "[[32m  OK  [0m] Found device /dev/ttyAS0."
  - "[[32m  OK  [0m] Found device /dev/ttyAS1."
  - "[[0m[31m*     [0m] A start job is running for dpkg first boot configure (12s / no limit)[K[[1;31m*[0m[31m*    [0m] A start job is running for dpkg first boot configure (12s / no limit)[K[[31m*[1;31m*[0m[31m*   [0m] A start job is running for dpkg first boot configure (13s / no limit)[K[ [31m*[1;31m*[0m[31m*  [0m] A start job is running for dpkg first boot configure (13s / no limit)[K[[32m  OK  [0m] Started dpkg first boot configure."
  - "[[32m  OK  [0m] Reached target System Initialization."
  - "[[32m  OK  [0m] Started Daily Cleanup of Temporary Directories."
  - "[[32m  OK  [0m] Reached target Timers."
  - "[[32m  OK  [0m] Listening on D-Bus System Message Bus Socket."
  - "[[32m  OK  [0m] Listening on RPCbind Server Activation Socket."
  - "[[32m  OK  [0m] Listening on Avahi mDNS/DNS-SD Stack Activation Socket."
  - "[[32m  OK  [0m] Listening on dropbear.socket."
  - "[[32m  OK  [0m] Reached target Sockets."
  - "[[32m  OK  [0m] Reached target Basic System."
  - "         Starting Avahi mDNS/DNS-SD Stack..."
  - "[[32m  OK  [0m] Started System Logging Service."
  - "         Starting Login Service..."
  - "[[32m  OK  [0m] Started Weston launcher."
  - "[[32m  OK  [0m] Started Kernel Logging Service."
  - "[[32m  OK  [0m] Started D-Bus System Message Bus."
  - "[[32m  OK  [0m] Started Avahi mDNS/DNS-SD Stack."
  - "         Starting Permit User Sessions..."
  - "[[32m  OK  [0m] Started Login Service."
  - "[[32m  OK  [0m] Started Permit User Sessions."
  - "[[32m  OK  [0m] Started Serial Getty on ttyAS0."
  - "[[32m  OK  [0m] Started Serial Getty on ttyAS1."
  - "[[32m  OK  [0m] Started Getty on tty1."
  - "[[32m  OK  [0m] Reached target Login Prompts."
  - "[[32m  OK  [0m] Reached target Multi-User System."
  - "         Starting Update UTMP about System Runlevel Changes..."
  - "[[32m  OK  [0m] Started Update UTMP about System Runlevel Changes."
  - ""
  - "OpenSDK (A Yocto Project 2.0 based Distro) 1.0 sti-4.6 ttyAS1"
  - "sti-4 login: root (automatic login)"

- cmd: wait
  for: "export PS1=\"lava-test: # \""
  prompt: "root@sti-4:~# "
  delay: 0
  jitter: 0.0001

- cmd: wait
  for: "/lava-\\d+/bin/lava-test-runner /lava-(?P<job_id>\\d+)"
  prompt: "lava-test: # "
  delay: 0
  jitter: 0.0001

#- cmd: include
#  archive: "/tmp/lava-dispatcher/slave/{job_id}/logs/overlay-1.6.2.5.tar.gz"
#  file: "./lava-{job_id}/tests/0_test-results-parser/bbb-cmd.yaml"

- cmd: print
  lines:
  - "/lava-{job_id}"
  - "<LAVA_TEST_RUNNER>: started"
  - "<LAVA_TEST_RUNNER>: looking for work in /lava-{job_id}/lava-test-runner.conf-946684817"
  - "<LAVA_TEST_RUNNER>: running 0_smoke-tests under lava-test-shell..."
  - "<LAVA_TEST_RUNNER>: save hardware/software context info for 0_smoke-tests..."
  - "<LAVA_SIGNAL_STARTRUN 0_smoke-tests {job_id}_1.6.2.4.1>"
  - "<LAVA_SIGNAL_STARTTC linux-linaro-ubuntu-pwd>"
  - "/lava-{job_id}/tests/0_smoke-tests"
  - "<LAVA_SIGNAL_ENDTC linux-linaro-ubuntu-pwd>"
  - "<LAVA_SIGNAL_TESTCASE TEST_CASE_ID=linux-linaro-ubuntu-pwd RESULT=pass>"
  - "<LAVA_SIGNAL_STARTTC linux-linaro-ubuntu-uname>"
  - "Linux jessie 3.16.0-4-armmp #1 SMP Debian 3.16.7-ckt20-1+deb8u2 (2016-01-02) armv7l GNU/Linux"
  - "<LAVA_SIGNAL_ENDTC linux-linaro-ubuntu-uname>"
  - "<LAVA_SIGNAL_TESTCASE TEST_CASE_ID=linux-linaro-ubuntu-uname RESULT=pass>"
  - "<LAVA_SIGNAL_STARTTC linux-linaro-ubuntu-vmstat>"
  - "procs -----------memory---------- ---swap-- -----io---- -system-- ------cpu-----"
  - "r  b   swpd   free   buff  cache   si   so    bi    bo   in   cs us sy id wa st"
  - "0  0      0 466460      0  22572    0    0   414     0 3231 1366 10 48 40  2  0"
  - "<LAVA_SIGNAL_ENDTC linux-linaro-ubuntu-vmstat>"
  - "<LAVA_SIGNAL_TESTCASE TEST_CASE_ID=linux-linaro-ubuntu-vmstat RESULT=pass>"
  - "<LAVA_SIGNAL_STARTTC linux-linaro-ubuntu-ifconfig>"
  - "/lava-{job_id}/bin/lava-test-case: line 25: ifconfig: command not found"
  - "<LAVA_SIGNAL_ENDTC linux-linaro-ubuntu-ifconfig>"
  - "<LAVA_SIGNAL_TESTCASE TEST_CASE_ID=linux-linaro-ubuntu-ifconfig RESULT=fail>"
  - "<LAVA_SIGNAL_STARTTC linux-linaro-ubuntu-lscpu>"
  - "Architecture:          armv7l"
  - "Byte Order:            Little Endian"
  - "CPU(s):                1"
  - "On-line CPU(s) list:   0"
  - "Thread(s) per core:    1"
  - "Core(s) per socket:    1"
  - "Socket(s):             1"
  - "Model name:            ARMv7 Processor rev 2 (v7l)"
  - "<LAVA_SIGNAL_ENDTC linux-linaro-ubuntu-lscpu>"
  - "<LAVA_SIGNAL_TESTCASE TEST_CASE_ID=linux-linaro-ubuntu-lscpu RESULT=pass>"
  - "<LAVA_SIGNAL_STARTTC linux-linaro-ubuntu-lsb_release>"
  - "/lava-{job_id}/bin/lava-test-case: line 25: lsb_release: command not found"
  - "<LAVA_SIGNAL_ENDTC linux-linaro-ubuntu-lsb_release>"
  - "<LAVA_SIGNAL_TESTCASE TEST_CASE_ID=linux-linaro-ubuntu-lsb_release RESULT=fail>"
  - "<LAVA_SIGNAL_ENDRUN 0_smoke-tests {job_id}_1.6.2.4.1>"
  - "<LAVA_TEST_RUNNER>: 0_smoke-tests exited with: 0"
  - "0_smoke-tests-946684817"
  - "<LAVA_TEST_RUNNER>: exiting"

- cmd: sleep
  value: 5
