- cmd: print
  delay: 0
  jitter: 0.0005
  lines:
  - "Trying ::1..."
  - "Trying 127.0.0.1..."
  - "Connected to localhost."
  - "Escape character is '^]'."
  - "<<lava: broken line>>"
  - "ARM V2M-Juno Boot loader v1.0.0"
  - "HBI0262 build 1872"
  - "ARM V2M_Juno Firmware v1.4.4"
  - "Build Date: Jul 26 2016"
  - "Time :  17:15:47 "
  - "Date :  13:12:2016 "
  - "Press Enter to stop auto boot..."
  - "Powering up system..."
  - "Switching on ATXPSU..."
  - "PMIC RAM configuration (pms_v103.bin)..."
  - "MBtemp   : 28 degC"
  - "Configuring motherboard (rev B, var A)..."
  - "IOFPGA image \\MB\\HBI0262B\\io_b118.bit"
  - "IOFPGA  config: PASSED"
  - "OSC CLK config: PASSED"
  - "Configuring SCC registers..."
  - "Writing SCC 0x00000054 with 0x0007FFFE"
  - "Writing SCC 0x0000005C with 0x00FE001E"
  - "Writing SCC 0x00000100 with 0x003F1000"
  - "Writing SCC 0x00000104 with 0x0001F300"
  - "Writing SCC 0x00000108 with 0x00371000"
  - "Writing SCC 0x0000010C with 0x0001B300"
  - "Writing SCC 0x00000118 with 0x003F1000"
  - "Writing SCC 0x0000011C with 0x0001F100"
  - "Writing SCC 0x000000F8 with 0x0BEC0000"
  - "Writing SCC 0x000000FC with 0xABE40000"
  - "Writing SCC 0x0000000C with 0x000000C2"
  - "Writing SCC 0x00000010 with 0x000000C2"
  - "Peripheral ID0:0x000000AD"
  - "Peripheral ID1:0x000000B0"
  - "Peripheral ID2:0x0000000B"
  - "Peripheral ID3:0x00000000"
  - "Peripheral ID4:0x0000000D"
  - "Peripheral ID5:0x000000F0"
  - "Peripheral ID6:0x00000005"
  - "Peripheral ID7:0x000000B1"
  - "Programming NOR Flash"
  - "PCIE clock configured..."
  - "Testing motherboard interfaces (FPGA build 118)..."
  - "SRAM 32MB test: PASSED"
  - "LAN9118   test: PASSED"
  - "ERROR: SMC USB SRAM mode lock"
  - "SMC USB   test: FAILED"
  - "KMI1/2    test: PASSED"
  - "MMC       test: PASSED"
  - "PB/LEDs   test: PASSED"
  - "FPGA UART test: PASSED"
  - "PCIe init test: PASSED"
  - "MAC addrs test: PASSED"
  - "SMC MAC address 0002-F700-58AF"
  - "Setting HDMI0 mode for SVGA."
  - "Setting HDMI1 mode for SVGA."
  - "SoC SMB clock enabled."
  - "Testing SMB clock..."
  - "SMB clock running"
  - "Releasing system resets..."
  - "UART0 set to SoC UART0"
  - "UART1 set to SoC UART1"
  - "NOTICE:  Booting Trusted Firmware"
  - "NOTICE:  BL1: v1.2(debug):99e8937"
  - "NOTICE:  BL1: Built : 12:37:14, Nov  1 2016"
  - "INFO:    BL1: RAM 0x4037000 - 0x4040000"
  - "INFO:    Using crypto library 'mbed TLS'"
  - "INFO:    BL1: Loading BL2"
  - "INFO:    Loading image id=6 at address 0x4006000"
  - "INFO:    Skip reserving region [base = 0x4006000, size = 0x37f]"
  - "INFO:    Image id=6 loaded at address 0x4006000, size = 0x37f"
  - "INFO:    Loading image id=1 at address 0x4006000"
  - "INFO:    Image id=1 loaded at address 0x4006000, size = 0x11158"
  - "NOTICE:  BL1: Booting BL2"
  - "INFO:    Entry point address = 0x4006000"
  - "INFO:    SPSR = 0x3c5"
  - "NOTICE:  BL2: v1.2(debug):99e8937"
  - "NOTICE:  BL2: Built : 12:37:14, Nov  1 2016"
  - "INFO:    Using crypto library 'mbed TLS'"
  - "INFO:    BL2: Loading SCP_BL2"
  - "INFO:    Loading image id=7 at address 0x4023000"
  - "INFO:    Skip reserving region [base = 0x4023000, size = 0x5ae]"
  - "INFO:    Image id=7 loaded at address 0x4023000, size = 0x5ae"
  - "INFO:    Loading image id=8 at address 0x4023000"
  - "INFO:    Skip reserving region [base = 0x4023000, size = 0x47a]"
  - "INFO:    Image id=8 loaded at address 0x4023000, size = 0x47a"
  - "INFO:    Loading image id=12 at address 0x4023000"
  - "INFO:    Skip reserving region [base = 0x4023000, size = 0x389]"
  - "INFO:    Image id=12 loaded at address 0x4023000, size = 0x389"
  - "INFO:    Loading image id=2 at address 0x4023000"
  - "INFO:    Skip reserving region [base = 0x4023000, size = 0xf334]"
  - "INFO:    Image id=2 loaded at address 0x4023000, size = 0xf334"
  - "INFO:    BL2: Initiating SCP_BL2 transfer to SCP"
  - "INFO:    BL2: SCP_BL2 transferred to SCP"
  - "INFO:    Configuring TrustZone Controller"
  - "INFO:    BL2: Loading BL31"
  - "INFO:    Loading image id=9 at address 0x4023000"
  - "INFO:    Skip reserving region [base = 0x4023000, size = 0x47a]"
  - "INFO:    Image id=9 loaded at address 0x4023000, size = 0x47a"
  - "INFO:    Loading image id=13 at address 0x4023000"
  - "INFO:    Skip reserving region [base = 0x4023000, size = 0x389]"
  - "INFO:    Image id=13 loaded at address 0x4023000, size = 0x389"
  - "INFO:    Loading image id=3 at address 0x4023000"
  - "INFO:    Image id=3 loaded at address 0x4023000, size = 0xc020"
  - "INFO:    BL2: Loading BL32"
  - "INFO:    Loading image id=10 at address 0xff000000"
  - "INFO:    Skip reserving region [base = 0xff000000, size = 0x488]"
  - "INFO:    Image id=10 loaded at address 0xff000000, size = 0x488"
  - "INFO:    Loading image id=14 at address 0xff000000"
  - "INFO:    Skip reserving region [base = 0xff000000, size = 0x397]"
  - "INFO:    Image id=14 loaded at address 0xff000000, size = 0x397"
  - "INFO:    Loading image id=4 at address 0xff000000"
  - "INFO:    Image id=4 loaded at address 0xff000000, size = 0x3c0a0"
  - "INFO:    BL2: Loading BL33"
  - "INFO:    Loading image id=11 at address 0xe0000000"
  - "INFO:    Skip reserving region [base = 0xe0000000, size = 0x48b]"
  - "INFO:    Image id=11 loaded at address 0xe0000000, size = 0x48b"
  - "INFO:    Loading image id=15 at address 0xe0000000"
  - "INFO:    Skip reserving region [base = 0xe0000000, size = 0x39a]"
  - "INFO:    Image id=15 loaded at address 0xe0000000, size = 0x39a"
  - "INFO:    Loading image id=5 at address 0xe0000000"
  - "INFO:    Image id=5 loaded at address 0xe0000000, size = 0x3eb60"
  - "NOTICE:  BL1: Booting BL31"
  - "INFO:    Entry point address = 0x4023000"
  - "INFO:    SPSR = 0x3cd"
  - "NOTICE:  BL31: v1.2(debug):99e8937"
  - "NOTICE:  BL31: Built : 12:37:14, Nov  1 2016"
  - "INFO:    ARM GICv2 driver initialized"
  - "INFO:    BL31: Initializing runtime services"
  - "INFO:    BL31: Initializing BL32"
  - "INFO:    BL31: Preparing for EL3 exit to normal world"
  - "INFO:    Entry point address = 0xe0000000"
  - "INFO:    SPSR = 0x3c9"
  - "U-Boot 2016.11-rc1-g496928e (Nov 01 2016 - 12:46:10 +0000) vexpress_aemv8a, Build: jenkins-armlt-platforms-release-37"
  - "DRAM:  8 GiB"
  - "PCIe XR3 Host Bridge enabled: x4 link (Gen 2)"
  - "Flash: 64 MiB"
  - "*** Warning - bad CRC, using default environment"
  - "In:    serial_pl01x"
  - "Out:   serial_pl01x"
  - "Err:   serial_pl01x"
  - "Net:   smc911x-0"
  - "Hit any key to stop autoboot:"

- cmd: print
  interrupt: True
  delay: 0
  jitter: 0.05
  lines:
  - "1"
  - "0"

- cmd: print
  delay: 0
  jitter: 0.0005
  lines:
  - "VExpress64# " 

- cmd: wait
  for: "run bootcmd"
  prompt: "VExpress64# "
  delay: 0
  jitter: 0.0005

- cmd: print
  delay: 0
  jitter: 0.00001
  lines:
  - "smc911x: MAC 00:02:f7:00:58:af"
  - "smc911x: detected LAN9118 controller"
  - "smc911x: phy initialized"
  - "smc911x: MAC 00:02:f7:00:58:af"
  - "BOOTP broadcast 1"
  - "BOOTP broadcast 2"
  - "BOOTP broadcast 3"
  - "DHCP client bound to address 10.15.47.86 (1262 ms)"
  - "smc911x: MAC 00:02:f7:00:58:af"
  - "smc911x: MAC 00:02:f7:00:58:af"
  - "smc911x: detected LAN9118 controller"
  - "smc911x: phy initialized"
  - "smc911x: MAC 00:02:f7:00:58:af"
  - "Using smc911x-0 device"
  - "TFTP from server 10.4.0.1; our IP address is 10.15.47.86"
  - "Filename '77466/tftp-deploy-ISUYJi/Image'."
  - "Load address: 0x80080000"
  - "Loading: #################################################################"
  - "   #################################################################"
  - "   #################################################################"
  - "   #################################################################"
  - "   #################################################################"
  - "   #################################################################"
  - "   #################################################################"
  - "   #################################################################"
  - "   #################################################################"
  - "   #################################################################"
  - "   #################################################################"
  - "   #################################################################"
  - "   ########################################"
  - "   1.3 MiB/s"
  - "done"
  - "Bytes transferred = 12032000 (b79800 hex)"
  - "smc911x: MAC 00:02:f7:00:58:af"
  - "smc911x: MAC 00:02:f7:00:58:af"
  - "smc911x: detected LAN9118 controller"
  - "smc911x: phy initialized"
  - "smc911x: MAC 00:02:f7:00:58:af"
  - "Using smc911x-0 device"
  - "TFTP from server 10.4.0.1; our IP address is 10.15.47.86"
  - "Filename '77466/tftp-deploy-ISUYJi/ramdisk.img'."
  - "Load address: 0x84000000"
  - "Loading: #"
  - "   0 Bytes/s"
  - "done"
  - "Bytes transferred = 576 (240 hex)"
  - "smc911x: MAC 00:02:f7:00:58:af"
  - "smc911x: MAC 00:02:f7:00:58:af"
  - "smc911x: detected LAN9118 controller"
  - "smc911x: phy initialized"
  - "smc911x: MAC 00:02:f7:00:58:af"
  - "Using smc911x-0 device"
  - "TFTP from server 10.4.0.1; our IP address is 10.15.47.86"
  - "Filename '77466/tftp-deploy-ISUYJi/juno.dtb'."
  - "Load address: 0x83000000"
  - "Loading: ##"
  - "   3.9 KiB/s"
  - "done"
  - "Bytes transferred = 20608 (5080 hex)"
  - "smc911x: MAC 00:02:f7:00:58:af"
  - "## Loading init Ramdisk from Legacy Image at 84000000 ..."
  - "   Image Name:   Dummy ramdisk"
  - "   Image Type:   AArch64 Linux RAMDisk Image (uncompressed)"
  - "   Data Size:    512 Bytes = 512 Bytes"
  - "   Load Address: 84000000"
  - "   Entry Point:  84000000"
  - "   Verifying Checksum ... OK"
  - "## Flattened Device Tree blob at 83000000"
  - "   Booting using the fdt blob at 0x83000000"
  - "   Loading Ramdisk to fe757000, end fe757200 ... OK"
  - "   Loading Device Tree to 00000000fe74e000, end 00000000fe75607f ... OK"
  - "Starting kernel ..."
  - "[    0.000000] Booting Linux on physical CPU 0x100"
  - "[    0.000000] Linux version 4.8.0 (buildslave@x86-64-08) (gcc version 4.9.3 20150413 (prerelease) (Linaro GCC 4.9-2015.05) ) #1 SMP PREEMPT Tue Nov 1 12:46:02 UTC 2016"
  - "[    0.000000] Boot CPU: AArch64 Processor [410fd030]"
  - "[    0.000000] earlycon: pl11 at MMIO 0x000000007ff80000 (options '')"
  - "[    0.000000] bootconsole [pl11] enabled"
  - "[    0.000000] efi: Getting EFI parameters from FDT:"
  - "[    0.000000] efi: UEFI not found."
  - "[    0.000000] cma: Reserved 32 MiB at 0x00000000fc400000"
  - "[    0.000000] On node 0 totalpages: 2093056"
  - "[    0.000000]   DMA zone: 7168 pages used for memmap"
  - "[    0.000000]   DMA zone: 0 pages reserved"
  - "[    0.000000]   DMA zone: 520192 pages, LIFO batch:31"
  - "[    0.000000]   Normal zone: 21504 pages used for memmap"
  - "[    0.000000]   Normal zone: 1572864 pages, LIFO batch:31"
  - "[    0.000000] psci: probing for conduit method from DT."
  - "[    0.000000] psci: PSCIv1.0 detected in firmware."
  - "[    0.000000] psci: Using standard PSCI v0.2 function IDs"
  - "[    0.000000] psci: Trusted OS migration not required"
  - "[    0.000000] percpu: Embedded 22 pages/cpu @ffffffc97ff2b000 s51328 r8192 d30592 u90112"
  - "[    0.000000] pcpu-alloc: s51328 r8192 d30592 u90112 alloc=22*4096"
  - "[    0.000000] pcpu-alloc: [0] 0 [0] 1 [0] 2 [0] 3 [0] 4 [0] 5 "
  - "[    0.000000] Detected VIPT I-cache on CPU0"
  - "[    0.000000] CPU features: enabling workaround for ARM errata 826319, 827319, 824069"
  - "[    0.000000] CPU features: enabling workaround for ARM erratum 845719"
  - "[    0.000000] Built 1 zonelists in Zone order, mobility grouping on.  Total pages: 2064384"
  - "[    0.000000] Kernel command line: console=ttyAMA0,115200n8 root=/dev/nfs nfsroot=10.4.0.1:/var/lib/lava/dispatcher/tmp/77466/extract-nfsrootfs-OzWvgw,tcp,hard,intr ip=dhcp rw rootwait earlycon=pl011,0x7ff80000 debug systemd.log_target=null user_debug=31 androidboot.hardware=juno loglevel=9"
  - "[    0.000000] PID hash table entries: 4096 (order: 3, 32768 bytes)"
  - "[    0.000000] Dentry cache hash table entries: 1048576 (order: 11, 8388608 bytes)"
  - "[    0.000000] Inode-cache hash table entries: 524288 (order: 10, 4194304 bytes)"
  - "[    0.000000] software IO TLB [mem 0xf8400000-0xfc400000] (64MB) mapped at [ffffffc078400000-ffffffc07c3fffff]"
  - "[    0.000000] Memory: 8133176K/8372224K available (7996K kernel code, 742K rwdata, 2200K rodata, 768K init, 666K bss, 206280K reserved, 32768K cma-reserved)"
  - "[    0.000000] Virtual kernel memory layout:"
  - "[    0.000000]     modules : 0xffffff8000000000 - 0xffffff8008000000   (   128 MB)"
  - "[    0.000000]     vmalloc : 0xffffff8008000000 - 0xffffffbebfff0000   (   250 GB)"
  - "[    0.000000]       .text : 0xffffff8008080000 - 0xffffff8008850000   (  8000 KB)"
  - "[    0.000000]     .rodata : 0xffffff8008850000 - 0xffffff8008a80000   (  2240 KB)"
  - "[    0.000000]       .init : 0xffffff8008a80000 - 0xffffff8008b40000   (   768 KB)"
  - "[    0.000000]       .data : 0xffffff8008b40000 - 0xffffff8008bf9800   (   742 KB)"
  - "[    0.000000]        .bss : 0xffffff8008bf9800 - 0xffffff8008ca01d0   (   667 KB)"
  - "[    0.000000]     fixed   : 0xffffffbefe7fd000 - 0xffffffbefec00000   (  4108 KB)"
  - "[    0.000000]     PCI I/O : 0xffffffbefee00000 - 0xffffffbeffe00000   (    16 MB)"
  - "[    0.000000]     vmemmap : 0xffffffbf00000000 - 0xffffffc000000000   (     4 GB maximum)"
  - "[    0.000000]               0xffffffbf00000000 - 0xffffffbf21400000   (   532 MB actual)"
  - "[    0.000000]     memory  : 0xffffffc000000000 - 0xffffffc980000000   ( 38912 MB)"
  - "[    0.000000] Preemptible hierarchical RCU implementation."
  - "[    0.000000]  Build-time adjustment of leaf fanout to 64."
  - "[    0.000000]  RCU restricting CPUs from NR_CPUS=64 to nr_cpu_ids=6."
  - "[    0.000000] RCU: Adjusting geometry for rcu_fanout_leaf=64, nr_cpu_ids=6"
  - "[    0.000000] NR_IRQS:64 nr_irqs:64 0"
  - "[    0.000000] GIC: Using split EOI/Deactivate mode"
  - "[    0.000000] GICv2m: range[mem 0x2c1c0000-0x2c1c0fff], SPI[224:255]"
  - "[    0.000000] arm_arch_timer: Architected cp15 timer(s) running at 50.00MHz (phys)."
  - "[    0.000000] clocksource: arch_sys_counter: mask: 0xffffffffffffff max_cycles: 0xb8812736b, max_idle_ns: 440795202655 ns"
  - "[    0.000005] sched_clock: 56 bits at 50MHz, resolution 20ns, wraps every 4398046511100ns"
  - "[    0.008542] clocksource: arm,sp804: mask: 0xffffffff max_cycles: 0xffffffff, max_idle_ns: 1911260446275 ns"
  - "[    0.018246] Failed to initialize '/smb@08000000/motherboard/iofpga@3,00000000/timer@120000': -22"
  - "[    0.027267] Console: colour dummy device 80x25"
  - "[    0.031920] Calibrating delay loop (skipped), value calculated using timer frequency.. 100.00 BogoMIPS (lpj=200000)"
  - "[    0.042391] pid_max: default: 32768 minimum: 301"
  - "[    0.047163] Security Framework initialized"
  - "[    0.051293] AppArmor: AppArmor initialized"
  - "[    0.055459] Mount-cache hash table entries: 16384 (order: 5, 131072 bytes)"
  - "[    0.062360] Mountpoint-cache hash table entries: 16384 (order: 5, 131072 bytes)"
  - "[    0.070516] ftrace: allocating 27959 entries in 110 pages"
  - "[    0.141940] ASID allocator initialised with 65536 entries"
  - "[    0.171833] EFI services will not be available."
  - "[    0.210078] Detected PIPT I-cache on CPU1"
  - "[    0.210084] CPU features: enabling workaround for ARM erratum 832075"
  - "[    0.210123] CPU1: Booted secondary processor [410fd070]"
  - "[    0.238093] Detected PIPT I-cache on CPU2"
  - "[    0.238121] CPU2: Booted secondary processor [410fd070]"
  - "[    0.266174] Detected VIPT I-cache on CPU3"
  - "[    0.266223] CPU3: Booted secondary processor [410fd030]"
  - "[    0.294228] Detected VIPT I-cache on CPU4"
  - "[    0.294265] CPU4: Booted secondary processor [410fd030]"
  - "[    0.322290] Detected VIPT I-cache on CPU5"
  - "[    0.322326] CPU5: Booted secondary processor [410fd030]"
  - "[    0.322397] Brought up 6 CPUs"
  - "[    0.377998] SMP: Total of 6 processors activated."
  - "[    0.382718] CPU features: detected feature: 32-bit EL0 Support"
  - "[    0.388586] CPU: All CPU(s) started at EL2"
  - "[    0.392727] alternatives: patching kernel code"
  - "[    0.414163] devtmpfs: initialized"
  - "[    0.438316] DMI not present or invalid."
  - "[    0.442373] clocksource: jiffies: mask: 0xffffffff max_cycles: 0xffffffff, max_idle_ns: 7645041785100000 ns"
  - "[    0.464213] xor: measuring software checksum speed"
  - "[    0.509093]    8regs     :  1337.000 MB/sec"
  - "[    0.553354]    8regs_prefetch:  1259.000 MB/sec"
  - "[    0.597962]    32regs    :  1524.000 MB/sec"
  - "[    0.642223]    32regs_prefetch:  1380.000 MB/sec"
  - "[    0.646854] xor: using function: 32regs (1524.000 MB/sec)"
  - "[    0.664596] NET: Registered protocol family 16"
  - "[    0.685105] cpuidle: using governor menu"
  - "[    0.689327] vdso: 2 pages (1 code @ ffffff8008856000, 1 data @ ffffff8008b44000)"
  - "[    0.696757] hw-breakpoint: found 6 breakpoint and 4 watchpoint registers."
  - "[    0.704301] DMA: preallocated 256 KiB pool for atomic allocations"
  - "[    0.710458] Serial: AMBA PL011 UART driver"
  - "[    0.717373] 7ff80000.uart: ttyAMA0 at MMIO 0x7ff80000 (irq = 25, base_baud = 0) is a PL011 rev3"
  - "[    0.726118] console [ttyAMA0] enabled"
  - "[    0.726118] console [ttyAMA0] enabled"
  - "[    0.733410] bootconsole [pl11] disabled"
  - "[    0.733410] bootconsole [pl11] disabled"
  - "[    0.881449] raid6: int64x1  gen()   281 MB/s"
  - "[    0.953406] raid6: int64x1  xor()   263 MB/s"
  - "[    1.025495] raid6: int64x2  gen()   413 MB/s"
  - "[    1.097676] raid6: int64x2  xor()   353 MB/s"
  - "[    1.169805] raid6: int64x4  gen()   597 MB/s"
  - "[    1.241842] raid6: int64x4  xor()   432 MB/s"
  - "[    1.313972] raid6: int64x8  gen()   683 MB/s"
  - "[    1.386095] raid6: int64x8  xor()   441 MB/s"
  - "[    1.458239] raid6: neonx1   gen()   442 MB/s"
  - "[    1.530255] raid6: neonx1   xor()   412 MB/s"
  - "[    1.602413] raid6: neonx2   gen()   693 MB/s"
  - "[    1.674483] raid6: neonx2   xor()   595 MB/s"
  - "[    1.746585] raid6: neonx4   gen()   904 MB/s"
  - "[    1.818675] raid6: neonx4   xor()   691 MB/s"
  - "[    1.890815] raid6: neonx8   gen()   983 MB/s"
  - "[    1.962916] raid6: neonx8   xor()   725 MB/s"
  - "[    1.967153] raid6: using algorithm neonx8 gen() 983 MB/s"
  - "[    1.972416] raid6: .... xor() 725 MB/s, rmw enabled"
  - "[    1.977248] raid6: using intx1 recovery algorithm"
  - "[    1.982398] vgaarb: loaded"
  - "[    1.997284] SCSI subsystem initialized"
  - "[    2.001112] libata version 3.00 loaded."
  - "[    2.005065] usbcore: registered new interface driver usbfs"
  - "[    2.010541] usbcore: registered new interface driver hub"
  - "[    2.015857] usbcore: registered new device driver usb"
  - "[    2.021404] dmi: Firmware registration failed."
  - "[    2.025869] Advanced Linux Sound Architecture Driver Initialized."
  - "[    2.032435] NetLabel: Initializing"
  - "[    2.035817] NetLabel:  domain hash size = 128"
  - "[    2.040137] NetLabel:  protocols = UNLABELED CIPSOv4"
  - "[    2.045117] NetLabel:  unlabeled traffic allowed by default"
  - "[    2.050968] clocksource: Switched to clocksource arch_sys_counter"
  - "[    2.099024] VFS: Disk quotas dquot_6.6.0"
  - "[    2.126998] VFS: Dquot-cache hash table entries: 512 (order 0, 4096 bytes)"
  - "[    2.134017] AppArmor: AppArmor Filesystem Enabled"
  - "[    2.222976] NET: Registered protocol family 2"
  - "[    2.243078] TCP established hash table entries: 65536 (order: 7, 524288 bytes)"
  - "[    2.250583] TCP bind hash table entries: 65536 (order: 8, 1048576 bytes)"
  - "[    2.257705] TCP: Hash tables configured (established 65536 bind 65536)"
  - "[    2.264231] UDP hash table entries: 4096 (order: 5, 131072 bytes)"
  - "[    2.270329] UDP-Lite hash table entries: 4096 (order: 5, 131072 bytes)"
  - "[    2.290973] NET: Registered protocol family 1"
  - "[    2.310977] RPC: Registered named UNIX socket transport module."
  - "[    2.316850] RPC: Registered udp transport module."
  - "[    2.321524] RPC: Registered tcp transport module."
  - "[    2.326186] RPC: Registered tcp NFSv4.1 backchannel transport module."
  - "[    2.332570] PCI: CLS 0 bytes, default 128"
  - "[    2.336680] Trying to unpack rootfs image as initramfs..."
  - "[    2.342170] rootfs image is not initramfs (junk in compressed archive); looks like an initrd"
  - "[    2.350922] hw perfevents: enabled with armv8_cortex_a57 PMU driver, 7 counters available"
  - "[    2.359154] hw perfevents: enabled with armv8_cortex_a53 PMU driver, 7 counters available"
  - "[    2.391589] futex hash table entries: 2048 (order: 6, 262144 bytes)"
  - "[    2.410978] audit: initializing netlink subsys (disabled)"
  - "[    2.416356] audit: type=2000 audit(2.276:1): initialized"
  - "[    2.422276] workingset: timestamp_bits=62 max_order=21 bucket_order=0"
  - "[    2.794991] NFS: Registering the id_resolver key type"
  - "[    2.800018] Key type id_resolver registered"
  - "[    2.804166] Key type id_legacy registered"
  - "<<lava: broken line>>"
  - "[    2.882992] Block layer SCSI generic (bsg) driver version 0.4 loaded (major 252)"
  - "[    2.890331] io scheduler noop registered"
  - "[    2.894220] io scheduler deadline registered"
  - "[    2.898461] io scheduler cfq registered (default)"
  - "[    2.903342] pci_hotplug: PCI Hot Plug PCI Core version: 0.5"
  - "[    2.908886] pciehp: PCI Express Hot Plug Controller Driver version: 0.4"
  - "[    2.916382] dma-pl330 7ff00000.dma: Loaded driver for PL330 DMAC-341330"
  - "[    2.922951] dma-pl330 7ff00000.dma:  DBUFF-1024x16bytes Num_Chans-8 Num_Peri-8 Num_Events-8"
  - "[    2.970097] [drm] Initialized drm 1.1.0 20060810"
  - "[    2.984995] brd: module loaded"
  - "[    2.993571] loop: module loaded"
  - "[    2.997026] mtdoops: mtd device (mtddev=name/number) must be supplied"
  - "[    3.003608] libphy: Fixed MDIO Bus: probed"
  - "[    3.007674] sky2: driver version 1.30"
  - "[    3.035514] libphy: smsc911x-mdio: probed"
  - "[    3.039966] smsc911x 18000000.ethernet eth0: MAC Address: 00:02:f7:00:58:af"
  - "[    3.046916] ehci_hcd: USB 2.0 'Enhanced' Host Controller (EHCI) Driver"
  - "[    3.053390] ehci-pci: EHCI PCI platform driver"
  - "[    3.057844] ehci-platform: EHCI generic platform driver"
  - "[    3.063156] ehci-platform 7ffc0000.ehci: EHCI Host Controller"
  - "[    3.068881] ehci-platform 7ffc0000.ehci: new USB bus registered, assigned bus number 1"
  - "[    3.076898] ehci-platform 7ffc0000.ehci: irq 28, io mem 0x7ffc0000"
  - "[    3.098992] ehci-platform 7ffc0000.ehci: USB 2.0 started, EHCI 1.00"
  - "[    3.105828] hub 1-0:1.0: USB hub found"
  - "[    3.109579] hub 1-0:1.0: 1 port detected"
  - "[    3.113827] ohci_hcd: USB 1.1 'Open' Host Controller (OHCI) Driver"
  - "[    3.119973] ohci-pci: OHCI PCI platform driver"
  - "[    3.124501] usbcore: registered new interface driver usb-storage"
  - "[    3.131120] mousedev: PS/2 mouse device common for all mice"
  - "[    3.137345] rtc-pl031 1c170000.rtc: rtc core: registered pl031 as rtc0"
  - "[    3.159105] device-mapper: ioctl: 4.35.0-ioctl (2016-06-23) initialised: dm-devel@redhat.com"
  - "[    3.168790] mmci-pl18x 1c050000.mmci: mmc0: PL180 manf 41 rev0 at 0x1c050000 irq 33,0 (pio)"
  - "[    3.177086] mmci-pl18x 1c050000.mmci: DMA channels RX none, TX none"
  - "[    3.223450] usbcore: registered new interface driver usbhid"
  - "[    3.230029] usbhid: USB HID core driver"
  - "[    3.236087] mhu 2b1f0000.mhu: ARM MHU Mailbox registered"
  - "[    3.242888] Initializing XFRM netlink socket"
  - "[    3.247140] NET: Registered protocol family 17"
  - "[    3.251566] NET: Registered protocol family 15"
  - "[    3.256025] Key type dns_resolver registered"
  - "[    3.411497] Btrfs loaded, crc32c=crc32c-generic"
  - "[    3.416052] AppArmor: AppArmor sha1 policy hashing enabled"
  - "[    3.421772] hdlcd 7ff60000.hdlcd: master bind failed: -517"
  - "[    3.428089] scpi_protocol scpi: SCP Protocol 1.2 Firmware 1.18.0 version"
  - "[    3.443004] usb 1-1: new high-speed USB device number 2 using ehci-platform"
  - "[    3.446557] cpu cpu0: bL_cpufreq_init: CPU 0 initialized"
  - "[    3.448718] cpu cpu1: bL_cpufreq_init: CPU 1 initialized"
  - "[    3.448790] arm_big_little: bL_cpufreq_register: Registered platform driver: scpi"
  - "[    3.471474] [drm] found ARM HDLCD version r0p0"
  - "[    3.476633] tda998x 0-0070: Falling back to first CRTC"
  - "[    3.611879] tda998x 0-0070: found TDA19988"
  - "[    3.617676] hub 1-1:1.0: USB hub found"
  - "[    3.619590] hdlcd 7ff60000.hdlcd: bound 0-0070 (ops 0xffffff80088cf058)"
  - "[    3.619598] [drm] Supports vblank timestamp caching Rev 2 (21.10.2013)."
  - "[    3.619602] [drm] No driver support for vblank timestamp query."
  - "[    3.620359] hdlcd 7ff60000.hdlcd: No connectors reported connected with modes"
  - "[    3.620369] [drm] Cannot find any crtc or sizes - going 1024x768"
  - "[    3.653713] hub 1-1:1.0: 4 ports detected"
  - "[    3.760349] Console: switching to colour frame buffer device 128x48"
  - "[    3.878559] hdlcd 7ff60000.hdlcd: fb0:  frame buffer device"
  - "[    3.900134] asoc-simple-card sound: i2s-hifi <-> 7ff90000.i2s mapping ok"
  - "[    3.910683] rtc-pl031 1c170000.rtc: setting system clock to 2016-12-13 17:17:26 UTC (1481649446)"
  - "[    3.943322] usb 1-1.1: new high-speed USB device number 3 using ehci-platform"
  - "[    3.991256] Generic PHY 18000000.etherne:01: attached PHY driver [Generic PHY] (mii_bus:phy_addr=18000000.etherne:01, irq=-1)"
  - "[    4.011134] smsc911x 18000000.ethernet eth0: SMSC911x/921x identified at 0xffffff8008e20000, IRQ: 31"
  - "[    4.062479] usb-storage 1-1.1:1.0: USB Mass Storage device detected"
  - "[    4.069594] scsi host0: usb-storage 1-1.1:1.0"
  - "[    4.073990] scsi host0: runtime PM trying to activate child device host0 but parent (1-1.1:1.0) is not active"
  - "[    4.167195] atkbd serio0: keyboard reset failed on 1c060000.kmi"
  - "[    4.631136] random: fast init done"
  - "[    5.100824] scsi 0:0:0:0: Direct-Access     SanDisk  Ultra            1.26 PQ: 0 ANSI: 5"
  - "[    5.111360] sd 0:0:0:0: [sda] 31266816 512-byte logical blocks: (16.0 GB/14.9 GiB)"
  - "[    5.120575] sd 0:0:0:0: [sda] Write Protect is off"
  - "[    5.125356] sd 0:0:0:0: [sda] Mode Sense: 43 00 00 00"
  - "[    5.134838] sd 0:0:0:0: [sda] Write cache: disabled, read cache: enabled, doesn't support DPO or FUA"
  - "[    5.157224]  sda: sda1 sda2"
  - "[    5.164579] sd 0:0:0:0: [sda] Attached SCSI removable disk"
  - "[    5.415100] atkbd serio1: keyboard reset failed on 1c070000.kmi"
  - "[    7.075161] Sending DHCP requests ., OK"
  - "[    7.107227] IP-Config: Got DHCP answer from 10.0.0.2, my address is 10.15.47.86"
  - "[    7.114828] IP-Config: Complete:"
  - "[    7.118061]      device=eth0, hwaddr=00:02:f7:00:58:af, ipaddr=10.15.47.86, mask=255.240.0.0, gw=10.0.0.1"
  - "[    7.127577]      host=10.15.47.86, domain=lavalab, nis-domain=(none)"
  - "[    7.133892]      bootserver=0.0.0.0, rootserver=10.4.0.1, rootpath=     nameserver0=10.0.0.2"
  - "[    7.142340] ALSA device list:"
  - "[    7.145303]   #0: 7ff90000.i2s-i2s-hifi"
  - "[    7.149272] uart-pl011 7ff80000.uart: no DMA platform data"
  - "[    7.154858] RAMDISK: Couldn't find valid RAM disk image starting at 0."
  - "[    7.168928] VFS: Mounted root (nfs filesystem) on device 0:16."
  - "[    7.175128] devtmpfs: mounted"
  - "[    7.178604] Freeing unused kernel memory: 768K (ffffffc000a80000 - ffffffc000b40000)"
  - "Welcome to [1mDebian GNU/Linux jessie/sid[0m!"
  - "[    7.748601] systemd-getty-generator[119]: Automatically adding serial getty for /dev/ttyAMA0."
  - "[    7.758611] systemd-rc-local-generator[121]: Automatically adding rc-local.service."
  - "[    7.762148] systemd-fstab-generator[116]: Parsing /etc/fstab"
  - "[    7.779140] systemd-sysv-generator[122]: Looking for unit files in (higher priority first):"
  - "[    7.787503] systemd-sysv-generator[122]:   /etc/systemd/system"
  - "[    7.793222] systemd-sysv-generator[122]:   /run/systemd/system"
  - "[    7.795109] systemd-gpt-auto-generator[124]: Root file system not on a (single) block device."
  - "[    7.807416] systemd-sysv-generator[122]:   /usr/local/lib/systemd/system"
  - "[    7.813997] systemd-sysv-generator[122]:   /lib/systemd/system"
  - "[    7.819721] systemd-sysv-generator[122]:   /usr/lib/systemd/system"
  - "[    7.825844] systemd-sysv-generator[122]: Looking for SysV init scripts in:"
  - "[    7.832680] systemd-sysv-generator[122]:   /etc/init.d"
  - "[    7.837715] systemd-sysv-generator[122]: Looking for SysV rcN.d links in:"
  - "[    7.844460] systemd-sysv-generator[122]:   /etc"
  - "[    7.891109] systemd-sysv-ge: 62 output lines suppressed due to ratelimiting"
  - "         Expecting device dev-ttyAMA0.device..."
  - "[[32m  OK  [0m] Reached target Remote File Systems (Pre)."
  - "[[32m  OK  [0m] Reached target Encrypted Volumes."
  - "[[32m  OK  [0m] Reached target Paths."
  - "[[32m  OK  [0m] Set up automount Arbitrary Executable File Formats F...utomount Point."
  - "[[32m  OK  [0m] Reached target Swap."
  - "[[32m  OK  [0m] Created slice Root Slice."
  - "[[32m  OK  [0m] Created slice User and Session Slice."
  - "[[32m  OK  [0m] Listening on /dev/initctl Compatibility Named Pipe."
  - "[[32m  OK  [0m] Listening on Delayed Shutdown Socket."
  - "[[32m  OK  [0m] Listening on Journal Socket (/dev/log)."
  - "[[32m  OK  [0m] Listening on Syslog Socket."
  - "[[32m  OK  [0m] Listening on udev Control Socket."
  - "[[32m  OK  [0m] Listening on udev Kernel Socket."
  - "[[32m  OK  [0m] Listening on Journal Socket."
  - "[[32m  OK  [0m] Reached target Sockets."
  - "[[32m  OK  [0m] Created slice System Slice."
  - "[[32m  OK  [0m] Created slice system-getty.slice."
  - "[[32m  OK  [0m] Created slice system-serial\x2dgetty.slice."
  - "         Starting udev Coldplug all Devices..."
  - "         Starting Load Kernel Modules..."
  - "         Starting Create Static Device Nodes in /dev..."
  - "         Mounting Debug File System..."
  - "         Mounting POSIX Message Queue File System..."
  - "         Starting Journal Service..."
  - "[[32m  OK  [0m] Started Journal Service."
  - "[[32m  OK  [0m] Reached target Slices."
  - "         Starting Remount Root and Kernel File Systems..."
  - "[[32m  OK  [0m] Mounted POSIX Message Queue File System."
  - "[[32m  OK  [0m] Mounted Debug File System."
  - "[[32m  OK  [0m] Started Load Kernel Modules."
  - "[[32m  OK  [0m] Started Remount Root and Kernel File Systems."
  - "[    8.570825] systemd-journald[136]: Fixed max_use=398.7M max_size=49.8M min_size=4.0M keep_free=598.1M"
  - "[[32m  OK  [0m] Started Create [    8.586706] systemd-journald[136]: Reserving 90744 entries in hash table."
  - "Static Device Nodes in /dev."
  - "[    8.598790] systemd-journald[136]: Vacuuming..."
  - "[    8.603377] systemd-journald[136]: Vacuuming done, freed 0 bytes"
  - "[    8.610177] systemd-journald[136]: Flushing /dev/kmsg..."
  - "         Starting udev Kernel Device Manager..."
  - "[    8.651680] systemd-journald[136]: systemd-journald running as pid 136"
  - "         Starting Various fixups to make systemd work better on Debian..."
  - "         Starting Load/Save Random Seed..."
  - "[[32m  OK  [0m] Reached target Local File Systems (Pre)."
  - "[[32m  OK  [0m] Reached target Local File Systems."
  - "         Starting Create Volatile Files and Directories..."
  - "[    8.751576] systemd-udevd[145]: starting version 215"
  - "[[32m  OK  [0m] Reached target Remote File Systems."
  - "         Starting Trigger Flushing of Journal to Persistent Storage..."
  - "         Starting Apply Kernel Variables..."
  - "[[32m  OK  [0m] Started udev Kernel Device Manager."
  - "[[32m  OK  [0m] Started udev Coldplug all Devices."
  - "[[32m  OK  [0m] Started Various fixups to make systemd work better on Debian."
  - "[[32m  OK  [0m] Started Load/Save Random Seed."
  - "[[32m  OK  [0m] Started Apply Kernel Variables."
  - "[[32m  OK  [0m] Started Create Volatile Files and Directories."
  - "[    8.968309] systemd-journald[136]: Received request to flush runtime journal from PID 1"
  - "[[32m  OK  [0m] Found device /dev/ttyAMA0."
  - "[[32m  OK  [0m] Started Trigger Flushing of Journal to Persistent Storage."
  - "[[32m  OK  [0m] Reached target Sound Card."
  - "         Starting Update UTMP about System Boot/Shutdown..."
  - "         Starting LSB: Raise network interfaces...."
  - "         Starting Copy rules generated while the root was ro..."
  - "[[32m  OK  [0m] Started Copy rules generated while the root was ro."
  - "[[32m  OK  [0m] Started Update UTMP about System Boot/Shutdown."
  - "[[32m  OK  [0m] Started LSB: Raise network interfaces.."
  - "[[32m  OK  [0m] Reached target Network."
  - "[[32m  OK  [0m] Reached target System Initialization."
  - "[[32m  OK  [0m] Reached target Timers."
  - "[[32m  OK  [0m] Reached target Basic System."
  - "         Starting Regular background program processing daemon..."
  - "[[32m  OK  [0m] Started Regular background program processing daemon."
  - "         Starting /etc/rc.local Compatibility..."
  - "         Starting Login Service..."
  - "         Starting System Logging Service..."
  - "         Starting Permit User Sessions..."
  - "[[32m  OK  [0m] Started /etc/rc.local Compatibility."
  - "[[32m  OK  [0m] Started Permit User Sessions."
  - "[[1;31mFAILED[0m] Failed to start Login Service."
  - "See 'systemctl status systemd-logind.service' for details."
  - "         Stopping Login Service..."
  - "[[32m  OK  [0m] Stopped Login Service."
  - "         Starting Login Service..."
  - "         Starting Getty on tty1..."
  - "[[32m  OK  [0m] Started Getty on tty1."
  - "         Starting Serial Getty on ttyAMA0..."
  - "[[32m  OK  [0m] Started Serial Getty on ttyAMA0."
  - "[[32m  OK  [0m] Reached target Login Prompts."
  - "[[1;31mFAILED[0m] Failed to start Login Service."
  - "See 'systemctl status systemd-logind.service' for details."
  - "[[32m  OK  [0m] Started System Logging Service."
  - "         Stopping Login Service..."
  - "[[32m  OK  [0m] Stopped Login Service."
  - "         Starting Login Service..."
  - "[[1;31mFAILED[0m] Failed to start Login Service."
  - "See 'systemctl status systemd-logind.service' for details."
  - "         Stopping Login Service..."
  - "[[32m  OK  [0m] Stopped Login Service."
  - "         Starting Login Service..."
  - "[[1;31mFAILED[0m] Failed to start Login Service."
  - "See 'systemctl status systemd-logind.service' for details."
  - "         Stopping Login Service..."
  - "[[32m  OK  [0m] Stopped Login Service."
  - "         Starting Login Service..."
  - "[[1;31mFAILED[0m] Failed to start Login Service."
  - "See 'systemctl status systemd-logind.service' for details."
  - "         Stopping Login Service..."
  - "[[32m  OK  [0m] Stopped Login Service."
  - "         Starting Login Service..."
  - "[[1;31mFAILED[0m] Failed to start Login Service."
  - "See 'systemctl status systemd-logind.service' for details."
  - "[[32m  OK  [0m] Reached target Multi-User System."
  - "[[32m  OK  [0m] Reached target Graphical Interface."
  - "         Starting Update UTMP about System Runlevel Changes..."
  - "[[32m  OK  [0m] Started Update UTMP about System Runlevel Changes."
  - "Debian GNU/Linux jessie/sid linaro-nano ttyAMA0"

- cmd: wait
  for: "root"
  prompt: "linaro-nano login: "
  fail: "Login incorrect"

- cmd: print
  delay: 0
  jitter: 0.0001
  lines:
  - "Linux linaro-nano 4.8.0 #1 SMP PREEMPT Tue Nov 1 12:46:02 UTC 2016 aarch64"
  - "The programs included with the Debian GNU/Linux system are free software;"
  - "the exact distribution terms for each program are described in the"
  - "individual files in /usr/share/doc/*/copyright."
  - "Debian GNU/Linux comes with ABSOLUTELY NO WARRANTY, to the extent"
  - "permitted by applicable law."

- cmd: wait
  for: "export PS1=\"lava-test: # \""
  prompt: "root@linaro-nano:~# "
  delay: 0
  jitter: 0.0001

