- cmd: print
  delay: 0
  jitter: 0.005
  lines:
  - "Trying ::1..."
  - "Trying 127.0.0.1..."
  - "Connected to localhost."
  - "Escape character is '^]'."
  - "\0"
  - "U-Boot SPL 2014.04-00014-g47880f5 (Apr 22 2014 - 13:23:54)"
  - "reading args"
  - "spl_load_image_fat_os: error reading image args, err - -1"
  - "reading u-boot.img"
  - "reading u-boot.img"
  - ""
  - "U-Boot 2014.04-00014-g47880f5 (Apr 22 2014 - 13:23:54)"
  - "I2C:   ready"
  - "DRAM:  512 MiB"
  - "NAND:  0 MiB"
  - "MMC:   OMAP SD/MMC: 0, OMAP SD/MMC: 1"
  - "*** Warning - readenv() failed, using default environment"
  - "Net:   <ethaddr> not set. Validating first E-fuse MAC"
  - "cpsw, usb_ether"
  - "Hit any key to stop autoboot:  1  "

- cmd: print
  interrupt: True
  delay: 0
  jitter: 0.05
  lines:
  - "Hit any key to stop autoboot:  2  "
  - "Hit any key to stop autoboot:  3  "
  - "Hit any key to stop autoboot:  4  "
  - "Hit any key to stop autoboot:  5  "
  - "Hit any key to stop autoboot:  6  "
  - "Hit any key to stop autoboot:  7  "

- cmd: print
  delay: 0
  jitter: 0.005
  lines:
  - "U-Boot# "

- cmd: wait
  for: "boot"
  prompt: "U-Boot# "
  delay: 0
  jitter: 0.05
  loop: True

- cmd: print
  delay: 0
  jitter: 0.0001
  lines:
  - "link up on port 0, speed 100, full duplex"
  - "BOOTP broadcast 1"
  - "DHCP client bound to address 10.15.2.9"
  - "link up on port 0, speed 100, full duplex"
  - "Using cpsw device"
  - "TFTP from server 10.3.2.1; our IP address is 10.15.2.9"
  - "Filename 'tmpTmhAWm/vmlinuz'."
  - "Load address: 0x82000000"
  - "Loading: *\b#################################################################"
  - "\t #################################################################"
  - "\t #################################################################"
  - "\t ######################"
  - "\t 4 MiB/s"
  - "done"
  - "Bytes transferred = 3182192 (308e70 hex)"
  - "link up on port 0, speed 100, full duplex"
  - "Using cpsw device"
  - "TFTP from server 10.3.2.1; our IP address is 10.15.2.9"
  - "Filename 'tmpTmhAWm/ramdisk.cpio.gz.uboot'."
  - "Load address: 0x83000000"
  - "Loading: *\b#################################################################"
  - "\t #################################################################"
  - "\t #################################################################"
  - "\t #################################################################"
  - "\t #################################################################"
  - "\t #################################################################"
  - "\t #################################################################"
  - "\t #################################################################"
  - "\t #################################################################"
  - "\t #################################################################"
  - "\t #################################################################"
  - "\t #################################################################"
  - "\t #################################################################"
  - "\t #################################################################"
  - "\t #################################################################"
  - "\t #################################################################"
  - "\t #################################################################"
  - "\t #################################################################"
  - "\t #################################################################"
  - "\t #################################################################"
  - "\t #################################################################"
  - "\t #################################################################"
  - "\t #################################################################"
  - "\t #################################################################"
  - "\t #################################################################"
  - "\t #################################################################"
  - "\t #################################################################"
  - "\t #################################################################"
  - "\t #################################################################"
  - "\t #################################################################"
  - "\t #################################################################"
  - "\t #################################################################"
  - "\t #################################################################"
  - "\t #################################################################"
  - "\t #################################################################"
  - "\t #################################################################"
  - "\t ######################################"
  - "\t 4.7 MiB/s"
  - "done"
  - "Bytes transferred = 34901055 (2148c3f hex)"
  - "link up on port 0, speed 100, full duplex"
  - "Using cpsw device"
  - "TFTP from server 10.3.2.1; our IP address is 10.15.2.9"
  - "Filename 'tmpTmhAWm/am335x-boneblack.dtb'."
  - "Load address: 0x88000000"
  - "Loading: *\b##"
  - "\t 4 MiB/s"
  - "done"
  - "Bytes transferred = 29018 (715a hex)"
  - "Kernel image @ 0x82000000 [ 0x000000 - 0x308e70 ]"
  - "## Loading init Ramdisk from Legacy Image at 83000000 ..."
  - "   Image Name:   "
  - "   Image Type:   ARM Linux RAMDisk Image (uncompressed)"
  - "   Data Size:    34900991 Bytes = 33.3 MiB"
  - "   Load Address: 00000000"
  - "   Entry Point:  00000000"
  - "   Verifying Checksum ... OK"
  - "## Flattened Device Tree blob at 88000000"
  - "   Booting using the fdt blob at 0x88000000"
  - "   Using Device Tree in place at 88000000, end 8800a159"
  - ""
  - "Starting kernel ..."
  - "[    0.000000] Booting Linux on physical CPU 0x0"
  - "[    0.000000] Initializing cgroup subsys cpuset"
  - "[    0.000000] Initializing cgroup subsys cpu"
  - "[    0.000000] Initializing cgroup subsys cpuacct"
  - "[    0.000000] Linux version 3.16.0-4-armmp (debian-kernel@lists.debian.org) (gcc version 4.8.4 (Debian 4.8.4-1) ) #1 SMP Debian 3.16.7-ckt20-1+deb8u2 (2016-01-02)"
  - "[    0.000000] CPU: ARMv7 Processor [413fc082] revision 2 (ARMv7), cr=10c5387d"
  - "[    0.000000] CPU: PIPT / VIPT nonaliasing data cache, VIPT aliasing instruction cache"
  - "[    0.000000] Machine model: TI AM335x BeagleBone"
  - "[    0.000000] Memory policy: Data cache writeback"
  - "[    0.000000]   HighMem zone: 1048574 pages exceeds freesize 0"
  - "[    0.000000] CPU: All CPU(s) started in SVC mode."
  - "[    0.000000] AM335X ES2.0 (sgx neon )"
  - "[    0.000000] PERCPU: Embedded 9 pages/cpu @dfac9000 s12608 r8192 d16064 u36864"
  - "[    0.000000] Built 1 zonelists in Zone order, mobility grouping on.  Total pages: 129792"
  - "[    0.000000] Kernel command line: console=ttyO0,115200n8 root=/dev/nfs rw nfsroot=10.3.2.1:/var/lib/lava/dispatcher/tmp/tmpZngqTr,tcp,hard,intr ip=dhcp"
  - "[    0.000000] PID hash table entries: 2048 (order: 1, 8192 bytes)"
  - "[    0.000000] Dentry cache hash table entries: 65536 (order: 6, 262144 bytes)"
  - "[    0.000000] Inode-cache hash table entries: 32768 (order: 5, 131072 bytes)"
  - "[    0.000000] Memory: 473892K/523264K available (6413K kernel code, 829K rwdata, 2204K rodata, 688K init, 393K bss, 49372K reserved, 0K highmem)"
  - "[    0.000000] Virtual kernel memory layout:"
  - "[    0.000000]     vector  : 0xffff0000 - 0xffff1000   (   4 kB)"
  - "[    0.000000]     fixmap  : 0xffc00000 - 0xffe00000   (2048 kB)"
  - "[    0.000000]     vmalloc : 0xe0800000 - 0xff000000   ( 488 MB)"
  - "[    0.000000]     lowmem  : 0xc0000000 - 0xe0000000   ( 512 MB)"
  - "[    0.000000]     pkmap   : 0xbfe00000 - 0xc0000000   (   2 MB)"
  - "[    0.000000]     modules : 0xbf000000 - 0xbfe00000   (  14 MB)"
  - "[    0.000000]       .text : 0xc0008000 - 0xc0872938   (8619 kB)"
  - "[    0.000000]       .init : 0xc0873000 - 0xc091f140   ( 689 kB)"
  - "[    0.000000]       .data : 0xc0920000 - 0xc09ef610   ( 830 kB)"
  - "[    0.000000]        .bss : 0xc09ef610 - 0xc0a51b34   ( 394 kB)"
  - "[    0.000000] Hierarchical RCU implementation."
  - "[    0.000000] \tRCU dyntick-idle grace-period acceleration is enabled."
  - "[    0.000000] \tRCU restricting CPUs from NR_CPUS=4 to nr_cpu_ids=1."
  - "[    0.000000] RCU: Adjusting geometry for rcu_fanout_leaf=16, nr_cpu_ids=1"
  - "[    0.000000] NR_IRQS:16 nr_irqs:16 16"
  - "[    0.000000] IRQ: Found an INTC at 0xfa200000 (revision 5.0) with 128 interrupts"
  - "[    0.000000] Total of 128 interrupts on 1 active controller"
  - "[    0.000000] OMAP clockevent source: timer2 at 24000000 Hz"
  - "[    0.000012] sched_clock: 32 bits at 24MHz, resolution 41ns, wraps every 178956969942ns"
  - "[    0.000032] OMAP clocksource: timer1 at 24000000 Hz"
  - "[    0.000384] Console: colour dummy device 80x30"
  - "[    0.000417] Calibrating delay loop... 995.32 BogoMIPS (lpj=1990656)"
  - "[    0.047312] pid_max: default: 32768 minimum: 301"
  - "[    0.047442] Security Framework initialized"
  - "[    0.047529] AppArmor: AppArmor disabled by boot time parameter"
  - "[    0.047538] Yama: disabled by default; enable with sysctl kernel.yama.*"
  - "[    0.047617] Mount-cache hash table entries: 1024 (order: 0, 4096 bytes)"
  - "[    0.047629] Mountpoint-cache hash table entries: 1024 (order: 0, 4096 bytes)"
  - "[    0.048544] Initializing cgroup subsys memory"
  - "[    0.048576] Initializing cgroup subsys devices"
  - "[    0.048612] Initializing cgroup subsys freezer"
  - "[    0.048632] Initializing cgroup subsys net_cls"
  - "[    0.048662] Initializing cgroup subsys blkio"
  - "[    0.048687] Initializing cgroup subsys perf_event"
  - "[    0.048701] Initializing cgroup subsys net_prio"
  - "[    0.048771] CPU: Testing write buffer coherency: ok"
  - "[    0.048831] ftrace: allocating 23120 entries in 68 pages"
  - "[    0.105074] CPU0: thread -1, cpu 0, socket -1, mpidr 0"
  - "[    0.105462] Setting up static identity map for 0x805c2358 - 0x805c23b0"
  - "[    0.113801] Brought up 1 CPUs"
  - "[    0.113826] SMP: Total of 1 processors activated (995.32 BogoMIPS)."
  - "[    0.113834] CPU: All CPU(s) started in SVC mode."
  - "[    0.114641] devtmpfs: initialized"
  - "[    0.118672] VFP support v0.3: implementor 41 architecture 3 part 30 variant c rev 3"
  - "[    0.129217] omap_hwmod: tptc0 using broken dt data from edma"
  - "[    0.129337] omap_hwmod: tptc1 using broken dt data from edma"
  - "[    0.129443] omap_hwmod: tptc2 using broken dt data from edma"
  - "[    0.133911] omap_hwmod: debugss: _wait_target_disable failed"
  - "[    0.192084] pinctrl core: initialized pinctrl subsystem"
  - "[    0.192618] regulator-dummy: no parameters"
  - "[    0.201582] NET: Registered protocol family 16"
  - "[    0.202116] DMA: preallocated 256 KiB pool for atomic coherent allocations"
  - "[    0.209914] platform 49000000.edma: alias fck already exists"
  - "[    0.209942] platform 49000000.edma: alias fck already exists"
  - "[    0.209956] platform 49000000.edma: alias fck already exists"
  - "[    0.210751] OMAP GPIO hardware version 0.1"
  - "[    0.218689] No ATAGs?"
  - "[    0.218715] hw-breakpoint: debug architecture 0x4 unsupported."
  - "[    0.219624] EXYNOS: PMU not supported"
  - "[    0.219951] omap_init_mbox: hwmod doesn't have valid attrs"
  - "[    0.220841] Serial: AMBA PL011 UART driver"
  - "[    0.237713] edma-dma-engine edma-dma-engine.0: TI EDMA DMA engine driver"
  - "[    0.238458] vmmcsd_fixed: 3300 mV "
  - "[    0.239888] vgaarb: loaded"
  - "[    0.240428] usbcore: registered new interface driver usbfs"
  - "[    0.240499] usbcore: registered new interface driver hub"
  - "[    0.240743] usbcore: registered new device driver usb"
  - "[    0.241217] omap_i2c 44e0b000.i2c: could not find pctldev for node /pinmux@44e10800/pinmux_i2c0_pins, deferring probe"
  - "[    0.241242] platform 44e0b000.i2c: Driver omap_i2c requests probe deferral"
  - "[    0.241476] media: Linux media interface: v0.10"
  - "[    0.241537] Linux video capture interface: v2.00"
  - "[    0.241635] pps_core: LinuxPPS API ver. 1 registered"
  - "[    0.241643] pps_core: Software ver. 5.3.6 - Copyright 2005-2007 Rodolfo Giometti <giometti@linux.it>"
  - "[    0.241672] PTP clock support registered"
  - "[    0.243221] Switched to clocksource timer1"
  - "[    0.298447] NET: Registered protocol family 2"
  - "[    0.299530] TCP established hash table entries: 4096 (order: 2, 16384 bytes)"
  - "[    0.299582] TCP bind hash table entries: 4096 (order: 3, 32768 bytes)"
  - "[    0.299642] TCP: Hash tables configured (established 4096 bind 4096)"
  - "[    0.299710] TCP: reno registered"
  - "[    0.299723] UDP hash table entries: 256 (order: 1, 8192 bytes)"
  - "[    0.299744] UDP-Lite hash table entries: 256 (order: 1, 8192 bytes)"
  - "[    0.299947] NET: Registered protocol family 1"
  - "[    0.300546] Unpacking initramfs..."
  - "[    2.975623] Freeing initrd memory: 34076K (c3001000 - c5148000)"
  - "[    2.976114] hw perfevents: enabled with ARMv7 Cortex-A8 PMU driver, 5 counters available"
  - "[    2.978599] futex hash table entries: 256 (order: 2, 16384 bytes)"
  - "[    2.978698] audit: initializing netlink subsys (disabled)"
  - "[    2.978789] audit: type=2000 audit(2.940:1): initialized"
  - "[    2.980465] zbud: loaded"
  - "[    2.980816] VFS: Disk quotas dquot_6.5.2"
  - "[    2.980887] Dquot-cache hash table entries: 1024 (order 0, 4096 bytes)"
  - "[    2.981056] msgmni has been set to 992"
  - "[    2.982871] alg: No test for stdrng (krng)"
  - "[    2.983028] Block layer SCSI generic (bsg) driver version 0.4 loaded (major 249)"
  - "[    2.983386] io scheduler noop registered"
  - "[    2.983402] io scheduler deadline registered"
  - "[    2.983538] io scheduler cfq registered (default)"
  - "[    2.984359] pinctrl-single 44e10800.pinmux: 142 pins at pa f9e10800 size 568"
  - "[    2.987331] Serial: 8250/16550 driver, 4 ports, IRQ sharing disabled"
  - "[    2.989058] Serial: AMBA driver"
  - "[    2.989302] Serial: IMX driver"
  - "[    2.989871] omap_uart 44e09000.serial: no wakeirq for uart0"
  - "[    2.990084] 44e09000.serial: ttyO0 at MMIO 0x44e09000 (irq = 88, base_baud = 3000000) is a OMAP UART0"
  - "[    3.710104] console [ttyO0] enabled"
  - "[    3.717728] mousedev: PS/2 mouse device common for all mice"
  - "[    3.724936] omap_rtc 44e3e000.rtc: rtc core: registered 44e3e000.rtc as rtc0"
  - "[    3.734004] ledtrig-cpu: registered to indicate activity on CPUs"
  - "[    3.740476] hidraw: raw HID events driver (C) Jiri Kosina"
  - "[    3.746772] usbcore: registered new interface driver usbhid"
  - "[    3.752617] usbhid: USB HID core driver"
  - "[    3.757394] TCP: cubic registered"
  - "[    3.760977] NET: Registered protocol family 10"
  - "[    3.766697] mip6: Mobile IPv6"
  - "[    3.769910] NET: Registered protocol family 17"
  - "[    3.774590] mpls_gso: MPLS GSO support"
  - "[    3.778677] omap_voltage_late_init: Voltage driver support not added"
  - "[    3.785840] ThumbEE CPU extension supported."
  - "[    3.790384] Registering SWP/SWPB emulation handler"
  - "[    3.796208] registered taskstats version 1"
  - "[    3.808401] omap_i2c 44e0b000.i2c: bus 0 rev0.11 at 400 kHz"
  - "[    3.814768] omap_rtc 44e3e000.rtc: setting system clock to 2000-01-01 00:00:00 UTC (946684800)"
  - "[    3.828302] vmmcsd_fixed: disabling"
  - "[    3.833299] Freeing unused kernel memory: 688K (c0873000 - c091f000)"
  - "Loading, please wait..."
  - "[    3.927793] systemd-udevd[58]: starting version 215"
  - "[    3.937678] random: systemd-udevd urandom read with 1 bits of entropy available"
  - "[    4.071454] omap_wdt: OMAP Watchdog Timer Rev 0x01: initial timeout 60 sec"
  - "[    4.177455] [drm] Initialized drm 1.1.0 20060810"
  - "[    4.201599] omap_rng 48310000.rng: OMAP Random Number Generator ver. 20"
  - "[    4.224316] omap-sham 53100000.sham: hw accel on OMAP rev 4.3"
  - "[    4.245238] omap-sham 53100000.sham: initialization failed."
  - "[    4.267490] omap-sham: probe of 53100000.sham failed with error -22"
  - "[    4.274446] omap-aes 53500000.aes: OMAP AES hw accel rev: 3.2"
  - "[    4.318745] cpsw 4a100000.ethernet: Detected MACID = c8:a0:30:c4:06:52"
  - "[    4.336088] mmc0: host does not support reading read-only switch. assuming write-enable."
  - "[    4.381633] mmc0: new high speed SDHC card at address aaaa"
  - "[    4.410483] mmcblk0: mmc0:aaaa SL16G 14.8 GiB "
  - "[    4.444306]  mmcblk0: p1 p2 p3 p4 < p5 p6 p7 >"
  - "[    4.524747] mmc1: BKOPS_EN bit is not set"
  - "[    4.539099] musb-hdrc musb-hdrc.0.auto: musb_init_controller failed with status -517"
  - "[    4.555840] mmc1: new high speed MMC card at address 0001"
  - "[    4.579497] mmcblk1: mmc1:0001 MMC02G 1.78 GiB "
  - "[    4.587017] platform musb-hdrc.0.auto: Driver musb-hdrc requests probe deferral"
  - "[    4.598669] tda998x 0-0070: found TDA19988"
  - "[    4.621139] [drm] Supports vblank timestamp caching Rev 2 (21.10.2013)."
  - "[    4.628145] [drm] No driver support for vblank timestamp query."
  - "[    4.639613] mmcblk1boot0: mmc1:0001 MMC02G partition 1 1.00 MiB"
  - "[    4.656669] musb-hdrc musb-hdrc.0.auto: musb_init_controller failed with status -517"
  - "[    4.684029] mmcblk1boot1: mmc1:0001 MMC02G partition 2 1.00 MiB"
  - "[    4.690823] tilcdc 4830e000.lcdc: No connectors reported connected with modes"
  - "[    4.702383] 47401300.usb-phy supply vcc not found, using dummy regulator"
  - "[    4.715766] platform musb-hdrc.0.auto: Driver musb-hdrc requests probe deferral"
  - "[    4.735029] musb-hdrc musb-hdrc.1.auto: musb_init_controller failed with status -517"
  - "[    4.751792]  mmcblk1: p1 p2"
  - "[    4.756533] [drm] Cannot find any crtc or sizes - going 1024x768"
  - "[    4.767320] davinci_mdio 4a101000.mdio: davinci mdio revision 1.6"
  - "[    4.773754] davinci_mdio 4a101000.mdio: detected phy mask fffffffe"
  - "[    4.808036]  mmcblk1boot1: unknown partition table"
  - "[    4.816023] platform musb-hdrc.1.auto: Driver musb-hdrc requests probe deferral"
  - "[    4.843833] Console: switching to colour frame buffer device 128x48"
  - "[    4.855514] tilcdc 4830e000.lcdc: fb0:  frame buffer device"
  - "[    4.861347] tilcdc 4830e000.lcdc: registered panic notifier"
  - "[    4.879491]  mmcblk1boot0: unknown partition table"
  - "[    4.889429] [drm] Initialized tilcdc 1.0.0 20121205 on minor 0"
  - "[    4.901749] musb-hdrc musb-hdrc.1.auto: musb_init_controller failed with status -517"
  - "[    4.913563] 47401b00.usb-phy supply vcc not found, using dummy regulator"
  - "[    4.924761] libphy: 4a101000.mdio: probed"
  - "[    4.929055] davinci_mdio 4a101000.mdio: phy[0]: device 4a101000.mdio:00, driver SMSC LAN8710/LAN8720"
  - "[    4.951724] platform musb-hdrc.1.auto: Driver musb-hdrc requests probe deferral"
  - "[    5.002199] musb-hdrc musb-hdrc.1.auto: MUSB HDRC host driver"
  - "[    5.037155] musb-hdrc musb-hdrc.1.auto: new USB bus registered, assigned bus number 1"
  - "[    5.080804] usb usb1: New USB device found, idVendor=1d6b, idProduct=0002"
  - "[    5.088016] usb usb1: New USB device strings: Mfr=3, Product=2, SerialNumber=1"
  - "[    5.095588] usb usb1: Product: MUSB HDRC host driver"
  - "[    5.100782] usb usb1: Manufacturer: Linux 3.16.0-4-armmp musb-hcd"
  - "[    5.107149] usb usb1: SerialNumber: musb-hdrc.1.auto"
  - "[    5.174531] hub 1-0:1.0: USB hub found"
  - "[    5.204812] hub 1-0:1.0: 1 port detected"
  - "[    5.313439] random: nonblocking pool is initialized"
  - "Begin: Loading essential drivers ... done."
  - "Begin: Running /scripts/init-premount ... done."
  - "Begin: Mounting root file system ... Begin: Running /scripts/nfs-top ... done."
  - "Begin: Running /scripts/nfs-premount ... done."
  - "[    5.426578] FS-Cache: Loaded"
  - "[    5.449596] RPC: Registered named UNIX socket transport module."
  - "[    5.455902] RPC: Registered udp transport module."
  - "[    5.460827] RPC: Registered tcp transport module."
  - "[    5.465745] RPC: Registered tcp NFSv4.1 backchannel transport module."
  - "[    5.496958] FS-Cache: Netfs 'nfs' registered for caching"
  - "IP-Config: eth0 hardware address c8:a0:30:c4:06:[    5.535172] net eth0: initializing cpsw version 1.12 (0)"
  - "52 mtu 1500 DHCP"
  - "[    5.547445] net eth0: phy found : id is : 0x7c0f1"
  - "[    5.552534] libphy: PHY 4a101000.mdio:01 not found"
  - "[    5.557571] net eth0: phy 4a101000.mdio:01 not found on slave 1"
  - "[    5.570726] IPv6: ADDRCONF(NETDEV_UP): eth0: link is not ready"
  - "IP-Config: no response after 2 secs - giving up"
  - "IP-Config: eth0 hardware address c8:a0:30:c4:06:52 mtu 1500 DHCP"
  - "[    8.615868] cpsw 4a100000.ethernet eth0: Link is Up - 100Mbps/Full - flow control off"
  - "[    8.624148] IPv6: ADDRCONF(NETDEV_CHANGE): eth0: link becomes ready"
  - "IP-Config: eth0 guessed broadcast address 10.15.255.255"
  - "IP-Config: eth0 complete (dhcp from 10.0.0.2):"
  - " address: 10.15.2.9        broadcast: 10.15.255.255    netmask: 255.240.0.0     "
  - " gateway: 10.0.0.1         dns0     : 10.0.0.2         dns1   : 0.0.0.0         "
  - " domain : lavalab                                                         "
  - " rootserver: 10.0.0.2 rootpath: "
  - " filename  : "
  - "done."
  - "Begin: Running /scripts/nfs-bottom ... done."
  - "Begin: Running /scripts/init-bottom ... done."
  - "[    9.438522] systemd[1]: systemd 215 running in system mode. (+PAM +AUDIT +SELINUX +IMA +SYSVINIT +LIBCRYPTSETUP +GCRYPT +ACL +XZ -SECCOMP -APPARMOR)"
  - "[    9.453157] systemd[1]: Detected architecture 'arm'."
  - ""
  - "Welcome to [1mDebian GNU/Linux 8 (jessie)[0m!"
  - "[    9.613875] systemd[1]: Inserted module 'autofs4'"
  - "[    9.621880] systemd[1]: Set hostname to <jessie>."
  - "[   10.125411] systemd[1]: Cannot add dependency job for unit dbus.socket, ignoring: Unit dbus.socket failed to load: No such file or directory."
  - "[   10.138998] systemd[1]: Cannot add dependency job for unit display-manager.service, ignoring: Unit display-manager.service failed to load: No such file or directory."
  - "[   10.156863] systemd[1]: Starting Forward Password Requests to Wall Directory Watch."
  - "[   10.165756] systemd[1]: Started Forward Password Requests to Wall Directory Watch."
  - "[   10.173896] systemd[1]: Expecting device dev-ttyO0.device..."
  - "         Expecting device dev-ttyO0.device..."
  - "[   10.187422] systemd[1]: Starting Remote File Systems (Pre)."
  - "[[32m  OK  [0m] Reached target Remote File Systems (Pre)."
  - "[   10.199343] systemd[1]: Reached target Remote File Systems (Pre)."
  - "[   10.206023] systemd[1]: Starting Arbitrary Executable File Formats File System Automount Point."
  - "[[32m  OK  [0m] Set up automount Arbitrary Executable File Formats F...utomount Point."
  - "[   10.227379] systemd[1]: Set up automount Arbitrary Executable File Formats File System Automount Point."
  - "[   10.237469] systemd[1]: Starting Dispatch Password Requests to Console Directory Watch."
  - "[   10.246263] systemd[1]: Started Dispatch Password Requests to Console Directory Watch."
  - "[   10.254746] systemd[1]: Starting Paths."
  - "[[32m  OK  [0m] Reached target Paths."
  - "[   10.267357] systemd[1]: Reached target Paths."
  - "[   10.272064] systemd[1]: Starting Encrypted Volumes."
  - "[[32m  OK  [0m] Reached target Encrypted Volumes."
  - "[   10.283325] systemd[1]: Reached target Encrypted Volumes."
  - "[   10.289086] systemd[1]: Starting Swap."
  - "[[32m  OK  [0m] Reached target Swap."
  - "[   10.299309] systemd[1]: Reached target Swap."
  - "[   10.303905] systemd[1]: Starting Root Slice."
  - "[[32m  OK  [0m] Created slice Root Slice."
  - "[   10.315334] systemd[1]: Created slice Root Slice."
  - "[   10.320391] systemd[1]: Starting User and Session Slice."
  - "[[32m  OK  [0m] Created slice User and Session Slice."
  - "[   10.335346] systemd[1]: Created slice User and Session Slice."
  - "[   10.341482] systemd[1]: Starting /dev/initctl Compatibility Named Pipe."
  - "[[32m  OK  [0m] Listening on /dev/initctl Compatibility Named Pipe."
  - "[   10.359383] systemd[1]: Listening on /dev/initctl Compatibility Named Pipe."
  - "[   10.366827] systemd[1]: Starting Delayed Shutdown Socket."
  - "[[32m  OK  [0m] Listening on Delayed Shutdown Socket."
  - "[   10.379344] systemd[1]: Listening on Delayed Shutdown Socket."
  - "[   10.385494] systemd[1]: Starting Journal Socket (/dev/log)."
  - "[[32m  OK  [0m] Listening on Journal Socket (/dev/log)."
  - "[   10.399382] systemd[1]: Listening on Journal Socket (/dev/log)."
  - "[   10.405817] systemd[1]: Starting udev Kernel Socket."
  - "[[32m  OK  [0m] Listening on udev Kernel Socket."
  - "[   10.419353] systemd[1]: Listening on udev Kernel Socket."
  - "[   10.425122] systemd[1]: Starting udev Control Socket."
  - "[[32m  OK  [0m] Listening on udev Control Socket."
  - "[   10.439341] systemd[1]: Listening on udev Control Socket."
  - "[   10.445150] systemd[1]: Starting Journal Socket."
  - "[[32m  OK  [0m] Listening on Journal Socket."
  - "[   10.459355] systemd[1]: Listening on Journal Socket."
  - "[   10.464749] systemd[1]: Starting Sockets."
  - "[[32m  OK  [0m] Reached target Sockets."
  - "[   10.475332] systemd[1]: Reached target Sockets."
  - "[   10.480229] systemd[1]: Starting System Slice."
  - "[[32m  OK  [0m] Created slice System Slice."
  - "[   10.491358] systemd[1]: Created slice System Slice."
  - "[   10.496640] systemd[1]: Starting system-getty.slice."
  - "[[32m  OK  [0m] Created slice system-getty.slice."
  - "[   10.511362] systemd[1]: Created slice system-getty.slice."
  - "[   10.517151] systemd[1]: Starting system-serial\\x2dgetty.slice."
  - "[[32m  OK  [0m] Created slice system-serial\\x2dgetty.slice."
  - "[   10.531355] systemd[1]: Created slice system-serial\\x2dgetty.slice."
  - "[   10.542708] systemd[1]: Starting Load Kernel Modules..."
  - "         Starting Load Kernel Modules..."
  - "[   10.558554] systemd[1]: Mounted Huge Pages File System."
  - "[   10.570287] systemd[1]: Starting Create list of required static device nodes for the current kernel..."
  - "         Starting Create list of required static device nodes...rrent kernel..."
  - "[   10.594765] systemd[1]: Starting udev Coldplug all Devices..."
  - "         Starting udev Coldplug all Devices..."
  - "[   10.662030] systemd[1]: Started Set Up Additional Binary Formats."
  - "[   10.684026] systemd[1]: Mounting POSIX Message Queue File System..."
  - "         Mounting POSIX Message Queue File System..."
  - "[   10.714853] systemd[1]: Mounting Debug File System..."
  - "         Mounting Debug File System..."
  - "[   10.746567] systemd[1]: Starting Journal Service..."
  - "         Starting Journal Service..."
  - "[[32m  OK  [0m] Started Journal Service."
  - "[   10.807862] systemd[1]: Started Journal Service."
  - "[[32m  OK  [0m] Reached target Slices."
  - "         Starting Remount Root and Kernel File Systems..."
  - "[[32m  OK  [0m] Mounted POSIX Message Queue File System."
  - "[[32m  OK  [0m] Mounted Debug File System."
  - "[[32m  OK  [0m] Started Load Kernel Modules."
  - "[[32m  OK  [0m] Started Create list of required static device nodes ...current kernel."
  - "[[32m  OK  [0m] Started Remount Root and Kernel File Systems."
  - "[[32m  OK  [0m] Started udev Coldplug all Devices."
  - "         Starting Various fixups to make systemd work better on Debian..."
  - "         Starting Load/Save Random Seed..."
  - "         Starting Create Static Device Nodes in /dev..."
  - "         Starting Apply Kernel Variables..."
  - "[[32m  OK  [0m] Started Various fixups to make systemd work better on Debian."
  - "[[32m  OK  [0m] Started Load/Save Random Seed."
  - "[[32m  OK  [0m] Started Apply Kernel Variables."
  - "[[32m  OK  [0m] Started Create Static Device Nodes in /dev."
  - "         Starting udev Kernel Device Manager..."
  - "[[32m  OK  [0m] Reached target Local File Systems (Pre)."
  - "[[32m  OK  [0m] Reached target Local File Systems."
  - "         Starting Create Volatile Files and Directories..."
  - "         Starting LSB: Raise network interfaces...."
  - "[[32m  OK  [0m] Reached target Remote File Systems."
  - "[   11.655057] systemd-udevd[145]: starting version 215"
  - "         Starting Trigger Flushing of Journal to Persistent Storage..."
  - "[[32m  OK  [0m] Started udev Kernel Device Manager."
  - "         Starting Copy rules generated while the root was ro..."
  - "[   11.998805] systemd-journald[127]: Received request to flush runtime journal from PID 1"
  - "[[32m  OK  [0m] Started Trigger Flushing of Journal to Persistent Storage."
  - "[[32m  OK  [0m] Started Copy rules generated while the root was ro."
  - "[[32m  OK  [0m] Started Create Volatile Files and Directories."
  - "         Starting Update UTMP about System Boot/Shutdown..."
  - "[[32m  OK  [0m] Started Update UTMP about System Boot/Shutdown."
  - "[[32m  OK  [0m] Found device /dev/ttyO0."
  - "[[32m  OK  [0m] Started LSB: Raise network interfaces.."
  - "[[32m  OK  [0m] Reached target Network."
  - "[[32m  OK  [0m] Reached target System Initialization."
  - "[[32m  OK  [0m] Reached target Timers."
  - "[[32m  OK  [0m] Reached target Basic System."
  - "         Starting /etc/rc.local Compatibility..."
  - "         Starting getty on tty2-tty6 if dbus and logind are not available..."
  - "         Starting LSB: daemon to balance interrupts for SMP systems..."
  - "         Starting Permit User Sessions..."
  - "[[32m  OK  [0m] Started /etc/rc.local Compatibility."
  - "[[32m  OK  [0m] Started Permit User Sessions."
  - "[[32m  OK  [0m] Started LSB: daemon to balance interrupts for SMP systems."
  - "[[32m  OK  [0m] Started getty on tty2-tty6 if dbus and logind are not available."
  - "         Starting Getty on tty6..."
  - "[[32m  OK  [0m] Started Getty on tty6."
  - "         Starting Getty on tty5..."
  - "[[32m  OK  [0m] Started Getty on tty5."
  - "         Starting Getty on tty4..."
  - "[[32m  OK  [0m] Started Getty on tty4."
  - "         Starting Getty on tty3..."
  - "[[32m  OK  [0m] Started Getty on tty3."
  - "         Starting Getty on tty2..."
  - "[[32m  OK  [0m] Started Getty on tty2."
  - "         Starting Getty on tty1..."
  - "[[32m  OK  [0m] Started Getty on tty1."
  - "         Starting Serial Getty on ttyO0..."
  - "[[32m  OK  [0m] Started Serial Getty on ttyO0."
  - "[[32m  OK  [0m] Reached target Login Prompts."
  - "[[32m  OK  [0m] Reached target Multi-User System."
  - "[[32m  OK  [0m] Reached target Graphical Interface."
  - "         Starting Update UTMP about System Runlevel Changes..."
  - "[[32m  OK  [0m] Started Update UTMP about System Runlevel Changes."
  - ""
  - "Debian GNU/Linux 8 jessie ttyO0"

- cmd: wait
  for: "root"
  prompt: "jessie login: "
  loop: true
  fail: "Login incorrect"

- cmd: print
  delay: 0
  jitter: 0.0001
  lines:
  - "Linux jessie 3.16.0-4-armmp #1 SMP Debian 3.16.7-ckt20-1+deb8u2 (2016-01-02) armv7l"
  - "The programs included with the Debian GNU/Linux system are free software;"
  - "the exact distribution terms for each program are described in the"
  - "individual files in /usr/share/doc/*/copyright."
  - "Debian GNU/Linux comes with ABSOLUTELY NO WARRANTY, to the extent"
  - "permitted by applicable law."

- cmd: wait
  for: "export PS1=\"lava-test: # \""
  prompt: "root@jessie:~#  "
  loop: True

- cmd: wait
  for: "lava-test-runner" # TODO: should be a regexp and should grab a variable
  prompt: "lava-test: # "
  loop: true
  echo: True
