- {info: 'start: 1 deployimage (max 300s)'}
- {debug: 'start: 1.1 download_retry (max 300s)'}
- {debug: 'start: 1.1.1 http_download (max 300s)'}
- {debug: Using gz decompression}
- {info: 'downloading http://images.validation.linaro.org/kvm-debian-wheezy.img.gz
    as /tmp/tmpVE5y5Z/kvm-debian-wheezy.img'}
- {debug: 'total size: 111380607 (106MB)'}
- {debug: progress   0% (0MB)}
- {debug: progress   5% (5MB)}
- {debug: progress  10% (10MB)}
- {debug: progress  15% (15MB)}
- {debug: progress  20% (21MB)}
- {debug: progress  25% (26MB)}
- {debug: progress  30% (31MB)}
- {debug: progress  35% (37MB)}
- {debug: progress  40% (42MB)}
- {debug: progress  45% (47MB)}
- {debug: progress  50% (53MB)}
- {debug: progress  55% (58MB)}
- {debug: progress  60% (63MB)}
- {debug: progress  65% (69MB)}
- {debug: progress  70% (74MB)}
- {debug: progress  75% (79MB)}
- {debug: progress  80% (85MB)}
- {debug: progress  85% (90MB)}
- {debug: progress  90% (95MB)}
- {debug: progress  95% (100MB)}
- {debug: progress 100% (106MB)}
- {info: 106MB downloaded in 11.56s (9.19MB/s)}
- {info: 'md5sum of downloaded content: 15f9dda07a934a9a1ab7ba60ed83135f'}
- {info: 'sha256sum of downloaded content: 62807b9eff381f3f6416f49310d5d042ac7ac38aa73a6825348b005ec06740fb'}
- {debug: 'http_download duration: 11.57'}
- {debug: 'download_retry duration: 11.57'}
- {debug: 'start: 1.2 mount_action (max 300s)'}
- {debug: 'start: 1.2.1 offset_action (max 300s)'}
- debug:
    command: [nice, /sbin/parted, /tmp/tmpVE5y5Z/kvm-debian-wheezy.img, -m, -s, unit,
      b, print]
    output: 'BYT;

      /tmp/tmpVE5y5Z/kvm-debian-wheezy.img:1000000000B:file:512:512:msdos::;

      1:1048576B:999292927B:998244352B:ext2::boot;

      '
- {debug: 'offset_action duration: 1.42'}
- {debug: 'start: 1.2.2 loop_check (max 300s)'}
- debug:
    command: [nice, /sbin/losetup, -a]
- {debug: 'available loops: 64'}
- {debug: 'mounted_loops: 0'}
- {debug: 'loop_check duration: 0.03'}
- {debug: 'start: 1.2.3 loop_mount (max 300s)'}
- debug:
    command: [nice, mount, -o, 'loop,offset=1048576', /tmp/tmpVE5y5Z/kvm-debian-wheezy.img,
      /tmp/tmpjjQxQK]
- {debug: 'loop_mount duration: 0.06'}
- {debug: 'mount_action duration: 1.51'}
- {debug: 'start: 1.3 customise (max 300s)'}
- {debug: Customising image...}
- {debug: 'customise duration: 0.00'}
- {debug: 'start: 1.4 lava-overlay (max 300s)'}
- {debug: Preparing overlay tarball in /tmp/tmpHqExKL}
- {debug: 'makedir: /tmp/tmpHqExKL/lava-device/bin'}
- {debug: 'makedir: /tmp/tmpHqExKL/lava-device/tests'}
- {debug: 'makedir: /tmp/tmpHqExKL/lava-device/results'}
- {debug: Creating /tmp/tmpHqExKL/lava-device/bin/lava-vm-groups-setup-host}
- {debug: Creating /tmp/tmpHqExKL/lava-device/bin/lava-test-case-attach}
- {debug: Creating /tmp/tmpHqExKL/lava-device/bin/lava-install-packages}
- {debug: Creating /tmp/tmpHqExKL/lava-device/bin/lava-installed-packages}
- {debug: Creating /tmp/tmpHqExKL/lava-device/bin/lava-test-runner}
- {debug: Creating /tmp/tmpHqExKL/lava-device/bin/lava-test-run-attach}
- {debug: Creating /tmp/tmpHqExKL/lava-device/bin/lava-test-case}
- {debug: Creating /tmp/tmpHqExKL/lava-device/bin/lava-add-sources}
- {debug: Creating /tmp/tmpHqExKL/lava-device/bin/lava-os-build}
- {debug: Creating /tmp/tmpHqExKL/lava-device/bin/lava-background-process-stop}
- {debug: Creating /tmp/tmpHqExKL/lava-device/bin/lava-background-process-start}
- {debug: Creating /tmp/tmpHqExKL/lava-device/bin/lava-test-case-metadata}
- {debug: Creating /tmp/tmpHqExKL/lava-device/bin/lava-test-shell}
- {debug: Creating /tmp/tmpHqExKL/lava-device/bin/lava-add-keys}
- {debug: Creating /tmp/tmpHqExKL/lava-device/bin/lava-install-packages}
- {debug: Creating /tmp/tmpHqExKL/lava-device/bin/lava-installed-packages}
- {debug: Creating /tmp/tmpHqExKL/lava-device/bin/lava-add-sources}
- {debug: Creating /tmp/tmpHqExKL/lava-device/bin/lava-os-build}
- {debug: Creating /tmp/tmpHqExKL/lava-device/bin/lava-add-keys}
- {debug: 'start: 1.4.1 lava-multinode-overlay (max 300s)'}
- {debug: skipped lava-multinode-overlay}
- {debug: 'lava-multinode-overlay duration: 0.00'}
- {debug: 'start: 1.4.2 test-definition (max 300s)'}
- {info: Loading test definitions}
- {debug: 'start: 1.4.2.1 inline-repo-action (max 300s)'}
- {debug: 'inline-repo-action duration: 0.01'}
- {debug: 'start: 1.4.2.2 test-overlay (max 300s)'}
- {debug: 'test-overlay duration: 0.01'}
- results: !!python/object/apply:collections.OrderedDict
  - - [success, abb81388-149c-45ff-a53e-f0c229409ffd]
- {debug: 'start: 1.4.2.3 test-install-overlay (max 300s)'}
- {debug: 'test-install-overlay duration: 0.01'}
- results: !!python/object/apply:collections.OrderedDict
  - - [success, abb81388-149c-45ff-a53e-f0c229409ffd]
    - [skipped, abb81388-149c-45ff-a53e-f0c229409ffd]
- {debug: 'start: 1.4.2.4 test-runscript-overlay (max 300s)'}
- {debug: 'test-runscript-overlay duration: 0.01'}
- results: !!python/object/apply:collections.OrderedDict
  - - [success, abb81388-149c-45ff-a53e-f0c229409ffd]
    - [filename, /tmp/tmpHqExKL/lava-device/tests/0_smoke-tests-inline/run.sh]
- {debug: lava-test-runner.conf}
- {debug: 'test-definition duration: 0.05'}
- {debug: 'start: 1.4.3 compress-overlay (max 300s)'}
- {debug: 'compress-overlay duration: 0.02'}
- {debug: 'lava-overlay duration: 0.40'}
- {debug: 'start: 1.5 apply-overlay-image (max 300s)'}
- {debug: 'apply-overlay-image duration: 0.01'}
- {debug: 'start: 1.6 umount-retry (max 300s)'}
- {debug: 'start: 1.6.1 umount (max 300s)'}
- {debug: umounting /tmp/tmpjjQxQK}
- debug:
    command: [nice, umount, /tmp/tmpjjQxQK]
- {debug: 'umount duration: 0.15'}
- {debug: 'umount-retry duration: 0.15'}
- {info: 'deployimage duration: 13.65'}
- {info: 'start: 2 boot_image_retry (max 30s)'}
- {debug: 'start: 2.1 boot_qemu_image (max 30s)'}
- {debug: 'start: 2.1.1 execute-qemu (max 30s)'}
- {info: 'Boot command: /usr/bin/qemu-system-x86_64 -nographic -enable-kvm -cpu host
    -net nic,model=virtio,macaddr=52:54:00:12:34:59 -net user -m 1024 -hda /tmp/tmpVE5y5Z/kvm-debian-wheezy.img'}
- {debug: started a shell command}
- {debug: 'execute-qemu duration: 0.01'}
- {debug: 'boot_qemu_image duration: 0.01'}
- {debug: 'start: 2.2 auto-login-action (max 30s)'}
- {debug: Skipping auto login}
- {debug: 'auto-login-action duration: 0.00'}
- {debug: 'start: 2.3 expect-shell-connection (max 30s)'}
- {debug: 'expect-shell-connection: Waiting for prompt'}
- {debug: 'expect-shell-connection: Wait for prompt. 30 seconds'}
- {target: SYSLINUX 4.05 20130605 Copyright (C) 1994-2011 H. Peter Anvin et al}
- {target: Loading boot/vmlinuz-3.2.0-4-amd64.....}
- {target: Loading boot/initrd.img-3.2.0-4-amd64............ready.}
- {target: '[    0.000000] Initializing cgroup subsys cpuset'}
- {target: '[    0.000000] Initializing cgroup subsys cpu'}
- {target: '[    0.000000] Linux version 3.2.0-4-amd64 (debian-kernel@lists.debian.org)
    (gcc version 4.6.3 (Debian 4.6.3-15) ) #1 SMP Debian 3.2.41-2'}
- {target: '[    0.000000] Command line: initrd=boot/initrd.img-3.2.0-4-amd64 root=UUID=ddc7e8b1-5cf5-438b-8228-78628c9666a4
    ro console=ttyS0,115200 BOOT_IMAGE=boot/vmlinuz-3.2.0-4-amd64 '}
- {target: '[    0.000000] BIOS-provided physical RAM map:'}
- {target: '[    0.000000]  BIOS-e820: 0000000000000000 - 000000000009fc00 (usable)'}
- {target: '[    0.000000]  BIOS-e820: 000000000009fc00 - 00000000000a0000 (reserved)'}
- {target: '[    0.000000]  BIOS-e820: 00000000000f0000 - 0000000000100000 (reserved)'}
- {target: '[    0.000000]  BIOS-e820: 0000000000100000 - 000000003ffe0000 (usable)'}
- {target: '[    0.000000]  BIOS-e820: 000000003ffe0000 - 0000000040000000 (reserved)'}
- {target: '[    0.000000]  BIOS-e820: 00000000feffc000 - 00000000ff000000 (reserved)'}
- {target: '[    0.000000]  BIOS-e820: 00000000fffc0000 - 0000000100000000 (reserved)'}
- {target: '[    0.000000] NX (Execute Disable) protection: active'}
- {target: '[    0.000000] SMBIOS 2.8 present.'}
- {target: '[    0.000000] No AGP bridge found'}
- {target: '[    0.000000] last_pfn = 0x3ffe0 max_arch_pfn = 0x400000000'}
- {target: '[    0.000000] x86 PAT enabled: cpu 0, old 0x7040600070406, new 0x7010600070106'}
- {target: '[    0.000000] found SMP MP-table at [ffff8800000f0ed0] f0ed0'}
- {target: '[    0.000000] init_memory_mapping: 0000000000000000-000000003ffe0000'}
- {target: '[    0.000000] RAMDISK: 3f6b5000 - 3ffdf000'}
- {target: '[    0.000000] ACPI: RSDP 00000000000f0cf0 00014 (v00 BOCHS )'}
- {target: '[    0.000000] ACPI: RSDT 000000003ffe1854 00034 (v01 BOCHS  BXPCRSDT
    00000001 BXPC 00000001)'}
- {target: '[    0.000000] ACPI: FACP 000000003ffe0b37 00074 (v01 BOCHS  BXPCFACP
    00000001 BXPC 00000001)'}
- {target: '[    0.000000] ACPI: DSDT 000000003ffe0040 00AF7 (v01 BOCHS  BXPCDSDT
    00000001 BXPC 00000001)'}
- {target: '[    0.000000] ACPI: FACS 000000003ffe0000 00040'}
- {target: '[    0.000000] ACPI: SSDT 000000003ffe0bab 00BF9 (v01 BOCHS  BXPCSSDT
    00000001 BXPC 00000001)'}
- {target: '[    0.000000] ACPI: APIC 000000003ffe17a4 00078 (v01 BOCHS  BXPCAPIC
    00000001 BXPC 00000001)'}
- {target: '[    0.000000] ACPI: HPET 000000003ffe181c 00038 (v01 BOCHS  BXPCHPET
    00000001 BXPC 00000001)'}
- {target: '[    0.000000] No NUMA configuration found'}
- {target: '[    0.000000] Faking a node at 0000000000000000-000000003ffe0000'}
- {target: '[    0.000000] Initmem setup node 0 0000000000000000-000000003ffe0000'}
- {target: '[    0.000000]   NODE_DATA [000000003f6b0000 - 000000003f6b4fff]'}
- {target: '[    0.000000] kvm-clock: Using msrs 4b564d01 and 4b564d00'}
- {target: '[    0.000000] kvm-clock: cpu 0, msr 0:16a9701, boot clock'}
- {target: '[    0.000000] Zone PFN ranges:'}
- {target: '[    0.000000]   DMA      0x00000010 -> 0x00001000'}
- {target: '[    0.000000]   DMA32    0x00001000 -> 0x00100000'}
- {target: '[    0.000000]   Normal   empty'}
- {target: '[    0.000000] Movable zone start PFN for each node'}
- {target: '[    0.000000] early_node_map[2] active PFN ranges'}
- {target: '[    0.000000]     0: 0x00000010 -> 0x0000009f'}
- {target: '[    0.000000]     0: 0x00000100 -> 0x0003ffe0'}
- {target: '[    0.000000] ACPI: PM-Timer IO Port: 0x608'}
- {target: '[    0.000000] ACPI: LAPIC (acpi_id[0x00] lapic_id[0x00] enabled)'}
- {target: '[    0.000000] ACPI: LAPIC_NMI (acpi_id[0xff] dfl dfl lint[0x1])'}
- {target: '[    0.000000] ACPI: IOAPIC (id[0x00] address[0xfec00000] gsi_base[0])'}
- {target: '[    0.000000] IOAPIC[0]: apic_id 0, version 17, address 0xfec00000, GSI
    0-23'}
- {target: '[    0.000000] ACPI: INT_SRC_OVR (bus 0 bus_irq 0 global_irq 2 dfl dfl)'}
- {target: '[    0.000000] ACPI: INT_SRC_OVR (bus 0 bus_irq 5 global_irq 5 high level)'}
- {target: '[    0.000000] ACPI: INT_SRC_OVR (bus 0 bus_irq 9 global_irq 9 high level)'}
- {target: '[    0.000000] ACPI: INT_SRC_OVR (bus 0 bus_irq 10 global_irq 10 high
    level)'}
- {target: '[    0.000000] ACPI: INT_SRC_OVR (bus 0 bus_irq 11 global_irq 11 high
    level)'}
- {target: '[    0.000000] Using ACPI (MADT) for SMP configuration information'}
- {target: '[    0.000000] ACPI: HPET id: 0x8086a201 base: 0xfed00000'}
- {target: '[    0.000000] SMP: Allowing 1 CPUs, 0 hotplug CPUs'}
- {target: '[    0.000000] PM: Registered nosave memory: 000000000009f000 - 00000000000a0000'}
- {target: '[    0.000000] PM: Registered nosave memory: 00000000000a0000 - 00000000000f0000'}
- {target: '[    0.000000] PM: Registered nosave memory: 00000000000f0000 - 0000000000100000'}
- {target: '[    0.000000] Allocating PCI resources starting at 40000000 (gap: 40000000:beffc000)'}
- {target: '[    0.000000] Booting paravirtualized kernel on KVM'}
- {target: '[    0.000000] setup_percpu: NR_CPUS:512 nr_cpumask_bits:512 nr_cpu_ids:1
    nr_node_ids:1'}
- {target: '[    0.000000] PERCPU: Embedded 28 pages/cpu @ffff88003f400000 s82944
    r8192 d23552 u2097152'}
- {target: '[    0.000000] kvm-clock: cpu 0, msr 0:3f413701, primary cpu clock'}
- {target: '[    0.000000] KVM setup async PF for cpu 0'}
- {target: '[    0.000000] kvm-stealtime: cpu 0, msr 3f40dfc0'}
- {target: '[    0.000000] Built 1 zonelists in Node order, mobility grouping on.  Total
    pages: 258410'}
- {target: '[    0.000000] Policy zone: DMA32'}
- {target: '[    0.000000] Kernel command line: initrd=boot/initrd.img-3.2.0-4-amd64
    root=UUID=ddc7e8b1-5cf5-438b-8228-78628c9666a4 ro console=ttyS0,115200 BOOT_IMAGE=boot/vmlinuz-3.2.0-4-amd64 '}
- {target: '[    0.000000] PID hash table entries: 4096 (order: 3, 32768 bytes)'}
- {target: '[    0.000000] Checking aperture...'}
- {target: '[    0.000000] No AGP bridge found'}
- {target: '[    0.000000] Memory: 1015644k/1048448k available (3420k kernel code,
    452k absent, 32352k reserved, 3318k data, 576k init)'}
- {target: '[    0.000000] Hierarchical RCU implementation.'}
- {target: "[    0.000000] \tRCU dyntick-idle grace-period acceleration is enabled."}
- {target: '[    0.000000] NR_IRQS:33024 nr_irqs:256 16'}
- {target: '[    0.000000] Console: colour VGA+ 80x25'}
- {target: '[    0.000000] console [ttyS0] enabled'}
- {target: '[    0.000000] Detected 2260.998 MHz processor.'}
- {target: '[    0.008000] Calibrating delay loop (skipped) preset value.. 4521.99
    BogoMIPS (lpj=9043992)'}
- {target: '[    0.008000] pid_max: default: 32768 minimum: 301'}
- {target: '[    0.008000] Security Framework initialized'}
- {target: '[    0.008000] AppArmor: AppArmor disabled by boot time parameter'}
- {target: '[    0.008077] Dentry cache hash table entries: 131072 (order: 8, 1048576
    bytes)'}
- {target: '[    0.009377] Inode-cache hash table entries: 65536 (order: 7, 524288
    bytes)'}
- {target: '[    0.010533] Mount-cache hash table entries: 256'}
- {target: '[    0.011329] Initializing cgroup subsys cpuacct'}
- {target: '[    0.012013] Initializing cgroup subsys memory'}
- {target: '[    0.012684] Initializing cgroup subsys devices'}
- {target: '[    0.013363] Initializing cgroup subsys freezer'}
- {target: '[    0.014041] Initializing cgroup subsys net_cls'}
- {target: '[    0.014715] Initializing cgroup subsys blkio'}
- {target: '[    0.015368] Initializing cgroup subsys perf_event'}
- {target: '[    0.016092] mce: CPU supports 10 MCE banks'}
- {target: '[    0.016857] SMP alternatives: switching to UP code'}
- {target: '[    0.022677] Freeing SMP alternatives: 8k freed'}
- {target: '[    0.023371] ACPI: Core revision 20110623'}
- {target: '[    0.025420] Enabling x2apic'}
- {target: '[    0.025864] Enabled x2apic'}
- {target: '[    0.026543] Switched APIC routing to physical x2apic.'}
- {target: '[    0.028732] ..TIMER: vector=0x30 apic1=0 pin1=2 apic2=-1 pin2=-1'}
- {target: '[    0.029631] CPU0: Intel(R) Xeon(R) CPU           E5507  @ 2.27GHz stepping
    05'}
- {target: '[    0.032001] Performance Events: Nehalem events, Intel PMU driver.'}
- {target: '[    0.032001] ... version:                2'}
- {target: '[    0.032001] ... bit width:              48'}
- {target: '[    0.032001] ... generic registers:      4'}
- {target: '[    0.032001] ... value mask:             0000ffffffffffff'}
- {target: '[    0.032001] ... max period:             000000007fffffff'}
- {target: '[    0.032006] ... fixed-purpose events:   3'}
- {target: '[    0.032607] ... event mask:             000000070000000f'}
- {target: '[    0.033583] NMI watchdog enabled, takes one hw-pmu counter.'}
- {target: '[    0.034639] Brought up 1 CPUs'}
- {target: '[    0.035267] Total of 1 processors activated (4521.99 BogoMIPS).'}
- {target: '[    0.040178] devtmpfs: initialized'}
- {target: '[    0.044467] print_constraints: dummy: '}
- {target: '[    0.045286] NET: Registered protocol family 16'}
- {target: '[    0.046279] ACPI: bus type pci registered'}
- {target: '[    0.047212] PCI: Using configuration type 1 for base access'}
- {target: '[    0.048614] bio: create slab <bio-0> at 0'}
- {target: '[    0.049512] ACPI: Added _OSI(Module Device)'}
- {target: '[    0.050360] ACPI: Added _OSI(Processor Device)'}
- {target: '[    0.051258] ACPI: Added _OSI(3.0 _SCP Extensions)'}
- {target: '[    0.052021] ACPI: Added _OSI(Processor Aggregator Device)'}
- {target: '[    0.054559] ACPI: Interpreter enabled'}
- {target: '[    0.055320] ACPI: (supports S0 S3 S4 S5)'}
- {target: '[    0.056340] ACPI: Using IOAPIC for interrupt routing'}
- {target: '[    0.061152] ACPI: No dock devices found.'}
- {target: '[    0.061948] HEST: Table not found.'}
- {target: '[    0.062626] PCI: Using host bridge windows from ACPI; if necessary,
    use \"pci=nocrs\" and report a bug'}
- {target: '[    0.064093] ACPI: PCI Root Bridge [PCI0] (domain 0000 [bus 00-ff])'}
- {target: '[    0.065462] pci_root PNP0A03:00: host bridge window [io  0x0000-0x0cf7]'}
- {target: '[    0.066777] pci_root PNP0A03:00: host bridge window [io  0x0d00-0xadff]'}
- {target: '[    0.068021] pci_root PNP0A03:00: host bridge window [io  0xae0f-0xaeff]'}
- {target: '[    0.069340] pci_root PNP0A03:00: host bridge window [io  0xaf20-0xafdf]'}
- {target: '[    0.070653] pci_root PNP0A03:00: host bridge window [io  0xafe4-0xffff]'}
- {target: '[    0.072023] pci_root PNP0A03:00: host bridge window [mem 0x000a0000-0x000bffff]'}
- {target: '[    0.073469] pci_root PNP0A03:00: host bridge window [mem 0x40000000-0xfebfffff]'}
- {target: '[    0.080542] pci 0000:00:01.3: quirk: [io  0x0600-0x063f] claimed by
    PIIX4 ACPI'}
- {target: '[    0.081983] pci 0000:00:01.3: quirk: [io  0x0700-0x070f] claimed by
    PIIX4 SMB'}
- {target: '[    0.170357]  pci0000:00: Unable to request _OSC control (_OSC support
    mask: 0x1e)'}
- {target: '[    0.174081] ACPI: PCI Interrupt Link [LNKA] (IRQs 5 *10 11)'}
- {target: '[    0.175393] ACPI: PCI Interrupt Link [LNKB] (IRQs 5 *10 11)'}
- {target: '[    0.176427] ACPI: PCI Interrupt Link [LNKC] (IRQs 5 10 *11)'}
- {target: '[    0.177728] ACPI: PCI Interrupt Link [LNKD] (IRQs 5 10 *11)'}
- {target: '[    0.178993] ACPI: PCI Interrupt Link [LNKS] (IRQs *9)'}
- {target: '[    0.180322] vgaarb: device added: PCI:0000:00:02.0,decodes=io+mem,owns=io+mem,locks=none'}
- {target: '[    0.181922] vgaarb: loaded'}
- {target: '[    0.182466] vgaarb: bridge control possible 0000:00:02.0'}
- {target: '[    0.183568] PCI: Using ACPI for IRQ routing'}
- {target: '[    0.184286] HPET: 3 timers in total, 0 timers will be used for per-cpu
    timer'}
- {target: '[    0.185700] hpet0: at MMIO 0xfed00000, IRQs 2, 8, 0'}
- {target: '[    0.186751] hpet0: 3 comparators, 64-bit 100.000000 MHz counter'}
- {target: '[    0.192069] Switching to clocksource kvm-clock'}
- {target: '[    0.194478] pnp: PnP ACPI init'}
- {target: '[    0.195137] ACPI: bus type pnp registered'}
- {target: '[    0.196133] pnp: PnP ACPI: found 9 devices'}
- {target: '[    0.196956] ACPI: ACPI bus type pnp unregistered'}
- {target: '[    0.204358] NET: Registered protocol family 2'}
- {target: '[    0.205364] IP route cache hash table entries: 32768 (order: 6, 262144
    bytes)'}
- {target: '[    0.207527] TCP established hash table entries: 131072 (order: 9, 2097152
    bytes)'}
- {target: '[    0.212901] TCP bind hash table entries: 65536 (order: 8, 1048576 bytes)'}
- {target: '[    0.214447] TCP: Hash tables configured (established 131072 bind 65536)'}
- {target: '[    0.215770] TCP reno registered'}
- {target: '[    0.216444] UDP hash table entries: 512 (order: 2, 16384 bytes)'}
- {target: '[    0.217614] UDP-Lite hash table entries: 512 (order: 2, 16384 bytes)'}
- {target: '[    0.218957] NET: Registered protocol family 1'}
- {target: '[    0.219848] pci 0000:00:00.0: Limiting direct PCI/PCI transfers'}
- {target: '[    0.221074] pci 0000:00:01.0: PIIX3: Enabling Passive Release'}
- {target: '[    0.222237] pci 0000:00:01.0: Activating ISA DMA hang workarounds'}
- {target: '[    0.223565] Unpacking initramfs...'}
- {target: '[    0.480811] Freeing initrd memory: 9384k freed'}
- {target: '[    0.484120] audit: initializing netlink socket (disabled)'}
- {target: '[    0.485231] type=2000 audit(1427364991.484:1): initialized'}
- {target: '[    0.501478] HugeTLB registered 2 MB page size, pre-allocated 0 pages'}
- {target: '[    0.503096] VFS: Disk quotas dquot_6.5.2'}
- {target: '[    0.503923] Dquot-cache hash table entries: 512 (order 0, 4096 bytes)'}
- {target: '[    0.505367] msgmni has been set to 2002'}
- {target: '[    0.506367] alg: No test for stdrng (krng)'}
- {target: '[    0.507243] Block layer SCSI generic (bsg) driver version 0.4 loaded
    (major 253)'}
- {target: '[    0.508783] io scheduler noop registered'}
- {target: '[    0.509571] io scheduler deadline registered'}
- {target: '[    0.510496] io scheduler cfq registered (default)'}
- {target: '[    0.511550] pci_hotplug: PCI Hot Plug PCI Core version: 0.5'}
- {target: '[    0.512757] pciehp: PCI Express Hot Plug Controller Driver version:
    0.4'}
- {target: '[    0.514078] acpiphp: ACPI Hot Plug PCI Controller Driver version: 0.5'}
- {target: '[    0.515513] acpiphp: Slot [3] registered'}
- {target: '[    0.516376] acpiphp: Slot [4] registered'}
- {target: '[    0.517193] acpiphp: Slot [5] registered'}
- {target: '[    0.518009] acpiphp: Slot [6] registered'}
- {target: '[    0.518876] acpiphp: Slot [7] registered'}
- {target: '[    0.519694] acpiphp: Slot [8] registered'}
- {target: '[    0.520569] acpiphp: Slot [9] registered'}
- {target: '[    0.521408] acpiphp: Slot [10] registered'}
- {target: '[    0.522249] acpiphp: Slot [11] registered'}
- {target: '[    0.523173] acpiphp: Slot [12] registered'}
- {target: '[    0.524083] acpiphp: Slot [13] registered'}
- {target: '[    0.524931] acpiphp: Slot [14] registered'}
- {target: '[    0.525775] acpiphp: Slot [15] registered'}
- {target: '[    0.526668] acpiphp: Slot [16] registered'}
- {target: '[    0.527500] acpiphp: Slot [17] registered'}
- {target: '[    0.528392] acpiphp: Slot [18] registered'}
- {target: '[    0.529226] acpiphp: Slot [19] registered'}
- {target: '[    0.530053] acpiphp: Slot [20] registered'}
- {target: '[    0.530945] acpiphp: Slot [21] registered'}
- {target: '[    0.531791] acpiphp: Slot [22] registered'}
- {target: '[    0.532676] acpiphp: Slot [23] registered'}
- {target: '[    0.533523] acpiphp: Slot [24] registered'}
- {target: '[    0.534394] acpiphp: Slot [25] registered'}
- {target: '[    0.535255] acpiphp: Slot [26] registered'}
- {target: '[    0.536140] acpiphp: Slot [27] registered'}
- {target: '[    0.536991] acpiphp: Slot [28] registered'}
- {target: '[    0.537832] acpiphp: Slot [29] registered'}
- {target: '[    0.538749] acpiphp: Slot [30] registered'}
- {target: '[    0.539609] acpiphp: Slot [31] registered'}
- {target: '[    0.540688] ERST: Table is not found!'}
- {target: '[    0.541434] GHES: HEST is not enabled!'}
- {target: '[    0.542315] Serial: 8250/16550 driver, 4 ports, IRQ sharing enabled'}
- {target: '[    0.568739] serial8250: ttyS0 at I/O 0x3f8 (irq = 4) is a 16550A'}
- {target: '[    0.593812] 00:06: ttyS0 at I/O 0x3f8 (irq = 4) is a 16550A'}
- {target: '[    0.595208] Linux agpgart interface v0.103'}
- {target: '[    0.596238] i8042: PNP: PS/2 Controller [PNP0303:KBD,PNP0f13:MOU] at
    0x60,0x64 irq 1,12'}
- {target: '[    0.598609] serio: i8042 KBD port at 0x60,0x64 irq 1'}
- {target: '[    0.599599] serio: i8042 AUX port at 0x60,0x64 irq 12'}
- {target: '[    0.600884] mousedev: PS/2 mouse device common for all mice'}
- {target: '[    0.602307] input: AT Translated Set 2 keyboard as /devices/platform/i8042/serio0/input/input0'}
- {target: '[    0.604336] rtc_cmos 00:01: RTC can wake from S4'}
- {target: '[    0.605500] rtc_cmos 00:01: rtc core: registered rtc_cmos as rtc0'}
- {target: '[    0.606858] rtc0: alarms up to one day, 114 bytes nvram, hpet irqs'}
- {target: '[    0.608161] cpuidle: using governor ladder'}
- {target: '[    0.608970] cpuidle: using governor menu'}
- {target: '[    0.609938] TCP cubic registered'}
- {target: '[    0.610619] NET: Registered protocol family 10'}
- {target: '[    0.611993] Mobile IPv6'}
- {target: '[    0.612540] NET: Registered protocol family 17'}
- {target: '[    0.613419] Registering the dns_resolver key type'}
- {target: '[    0.614533] registered taskstats version 1'}
- {target: '[    0.615670] rtc_cmos 00:01: setting system clock to 2015-03-26 10:16:32
    UTC (1427364992)'}
- {target: '[    0.617367] Initializing network drop monitor service'}
- {target: '[    0.620124] Freeing unused kernel memory: 576k freed'}
- {target: '[    0.621230] Write protecting the kernel read-only data: 6144k'}
- {target: '[    0.625138] Freeing unused kernel memory: 660k freed'}
- {target: '[    0.628987] Freeing unused kernel memory: 680k freed'}
- {target: 'Loading, please wait...'}
- {target: '[    0.640305] udevd[43]: starting version 175'}
- {target: '[    0.658367] SCSI subsystem initialized'}
- {target: '[    0.681594] ACPI: PCI Interrupt Link [LNKC] enabled at IRQ 11'}
- {target: '[    0.705587] scsi0 : ata_piix'}
- {target: '[    0.709931] scsi1 : ata_piix'}
- {target: '[    0.710743] ata1: PATA max MWDMA2 cmd 0x1f0 ctl 0x3f6 bmdma 0xc020
    irq 14'}
- {target: '[    0.712240] ata2: PATA max MWDMA2 cmd 0x170 ctl 0x376 bmdma 0xc028
    irq 15'}
- {target: '[    0.721904] Floppy drive(s): fd0 is 1.44M'}
- {target: '[    0.736556] FDC 0 is a S82078B'}
- {target: '[    0.881921] ata2.00: ATAPI: QEMU DVD-ROM, 2.1.2, max UDMA/100'}
- {target: '[    0.883905] ata1.00: ATA-7: QEMU HARDDISK, 2.1.2, max UDMA/100'}
- {target: '[    0.885573] ata1.00: 1953125 sectors, multi 16: LBA48 '}
- {target: '[    0.887685] ata2.00: configured for MWDMA2'}
- {target: '[    0.889426] ata1.00: configured for MWDMA2'}
- {target: '[    0.890826] scsi 0:0:0:0: Direct-Access     ATA      QEMU HARDDISK    2.1.
    PQ: 0 ANSI: 5'}
- {target: '[    0.893977] scsi 1:0:0:0: CD-ROM            QEMU     QEMU DVD-ROM     2.1.
    PQ: 0 ANSI: 5'}
- {target: '[    0.902734] sd 0:0:0:0: [sda] 1953125 512-byte logical blocks: (1.00
    GB/953 MiB)'}
- {target: '[    0.904464] sd 0:0:0:0: [sda] Write Protect is off'}
- {target: '[    0.905454] sd 0:0:0:0: [sda] Write cache: enabled, read cache: enabled,
    doesn''t support DPO or FUA'}
- {target: '[    0.908562] sr0: scsi3-mmc drive: 4x/4x cd/rw xa/form2 tray'}
- {target: '[    0.909815] cdrom: Uniform CD-ROM driver Revision: 3.20'}
- {target: '[    0.912390]  sda: sda1'}
- {target: '[    0.913172] sd 0:0:0:0: [sda] Attached SCSI disk'}
- {target: '[    0.920589] sd 0:0:0:0: Attached scsi generic sg0 type 0'}
- {target: '[    0.923673] sr 1:0:0:0: Attached scsi generic sg1 type 5'}
- {target: 'Begin: Loading essential drivers ... done.'}
- {target: 'Begin: Running /scripts/init-premount ... done.'}
- {target: 'Begin: Mounting root file system ... Begin: Running /scripts/local-top
    ... done.'}
- {target: 'Begin: Running /scripts/local-premount ... done.'}
- {target: 'Begin: Running /scripts/local-bottom ... done.'}
- {target: done.}
- {target: 'Begin: Running /scripts/init-bottom ... done.'}
- {target: 'INIT: version 2.88 booting'}
- {target: '[[36minfo[39;49m] Using makefile-style concurrent boot in runlevel S.'}
- {target: '[    1.480534] Refined TSC clocksource calibration: 2260.940 MHz.'}
- {target: '[....] Starting the hotplug events dispatcher: udevd[    1.499486] udevd[280]:
    starting version 175'}
- {target: '[?25l[?1c7[1G[[32m ok [39;49m8[?25h[?0c.'}
- {target: '[....] Synthesizing the initial hotplug events...[    1.602295] piix4_smbus
    0000:00:01.3: SMBus Host Controller at 0x700, revision 0'}
- {target: '[    1.604178] input: PC Speaker as /devices/platform/pcspkr/input/input1'}
- {target: '[?25l[?1c7[    1.648069] Error: Driver ''pcspkr'' is already registered,
    aborting...'}
- {target: '[1G[[32m ok [39;49m[    1.676140] input: Power Button as /devices/LNXSYSTM:00/LNXPWRBN:00/input/input2'}
- {target: '[    1.679630] ACPI: Power Button [PWRF]'}
- {target: '8[?25h[?0cdone.'}
- {target: '[    1.708540] parport_pc 00:05: reported by Plug and Play ACPI'}
- {target: '[    1.709823] parport0: PC-style at 0x378, irq 7 [PCSPP,TRISTATE]'}
- {target: '[....] Waiting for /dev to be fully populated...[?25l[?1c7[1G[[32m ok
    [39;49m8[?25h[?0cdone.'}
- {target: '[....] Activating swap...[?25l[?1c7[1G[[32m ok [39;49m8[?25h[?0cdone.'}
- {target: '[....] Checking root file system...fsck from util-linux 2.20.1'}
- {target: '/dev/sda1: clean, 14246/60928 files, 82443/243712 blocks'}
- {target: '[?25l[?1c7[1G[[32m ok [39;49m8[?25h[?0cdone.'}
- {target: '[....] Creating compatibility symlink from /etc/mtab to /proc/mounts.
    ...[?25l[?1c7[1G[[33mwarn[39;49m8[?25h[?0c [33m(warning).[39;49m'}
- {target: '[    2.125786] input: ImExPS/2 Generic Explorer Mouse as /devices/platform/i8042/serio1/input/input3'}
- {target: '[....] Cleaning up temporary files... /tmp[?25l[?1c7[1G[[32m ok [39;49m8[?25h[?0c.'}
- {target: '[....] Activating lvm and md swap...[?25l[?1c7[1G[[32m ok [39;49m8[?25h[?0cdone.'}
- {target: '[....] Checking file systems...fsck from util-linux 2.20.1'}
- {target: '[?25l[?1c7[1G[[32m ok [39;49m8[?25h[?0cdone.'}
- {target: '[....] Mounting local filesystems...[?25l[?1c7[1G[[32m ok [39;49m8[?25h[?0cdone.'}
- {target: '[....] Activating swapfile swap...[?25l[?1c7[1G[[32m ok [39;49m8[?25h[?0cdone.'}
- {target: '[....] Cleaning up temporary files...[?25l[?1c7[1G[[32m ok [39;49m8[?25h[?0c.'}
- {target: '[....] Setting kernel variables ...[?25l[?1c7[1G[[32m ok [39;49m8[?25h[?0cdone.'}
- {target: '[....] Configuring network interfaces...Internet Systems Consortium DHCP
    Client 4.2.2'}
- {target: Copyright 2004-2011 Internet Systems Consortium.}
- {target: All rights reserved.}
- {target: 'For info, please visit https://www.isc.org/software/dhcp/'}
- {target: 'Listening on LPF/eth0/52:54:00:12:34:59'}
- {target: 'Sending on   LPF/eth0/52:54:00:12:34:59'}
- {target: Sending on   Socket/fallback}
- {target: DHCPDISCOVER on eth0 to 255.255.255.255 port 67 interval 6}
- {target: DHCPREQUEST on eth0 to 255.255.255.255 port 67}
- {target: DHCPOFFER from 10.0.2.2}
- {target: DHCPACK from 10.0.2.2}
- {target: bound to 10.0.2.15 -- renewal in 42557 seconds.}
- {target: '[?25l[?1c7[1G[[32m ok [39;49m8[?25h[?0cdone.'}
- {target: '[....] Cleaning up temporary files...[?25l[?1c7[1G[[32m ok [39;49m8[?25h[?0c.'}
- {target: 'INIT: Entering runlevel: 2'}
- {target: '[[36minfo[39;49m] Using makefile-style concurrent boot in runlevel 2.'}
- {target: '[....] Starting enhanced syslogd: rsyslogd[?25l[?1c7[1G[[32m ok [39;49m8[?25h[?0c.'}
- {target: '[....] Starting ACPI services...[?25l[?1c7[1G[[32m ok [39;49m8[?25h[?0c.'}
- {target: '[....] Starting periodic command scheduler: cron[?25l[?1c7[1G[[32m ok
    [39;49m8[?25h[?0c.'}
- {target: 'Linux debian 3.2.0-4-amd64 #1 SMP Debian 3.2.41-2 x86_64'}
- {target: The programs included with the Debian GNU/Linux system are free software;}
- {target: the exact distribution terms for each program are described in the}
- {target: individual files in /usr/share/doc/*/copyright.}
- {target: 'Debian GNU/Linux comes with ABSOLUTELY NO WARRANTY, to the extent'}
- {target: permitted by applicable law.}
- {debug: 'expect-shell-connection duration: 10.31'}
- {info: 'boot_image_retry duration: 10.32'}
- {info: 'start: 3 lava-test-retry (max 30s)'}
- {debug: 'start: 3.1 lava-test-shell (max 30s)'}
- {info: Executing test definitions using ShellSession}
- {debug: Setting default test shell prompt}
- {debug: 'Setting default timeout: 30.0'}
- {debug: 'lava-test-shell: Wait for prompt. 30 seconds'}
- {target: 'root@debian:~# '}
- {target: 'root@debian:~# /lava-device/bin/lava-test-runner /lava-device'}
- {debug: 'test shell timeout: 30 seconds'}
- {target: /lava-device/bin/lava-test-runner /lava-device}
- {target: /lava-device}
- {target: '<LAVA_TEST_RUNNER>: started'}
- {target: '<LAVA_TEST_RUNNER>: looking for installation work in /lava-device/lava-test-runner.conf-1427364997'}
- {target: '<LAVA_TEST_RUNNER>: save hardware/software context info...'}
- {target: '<LAVA_TEST_RUNNER>: looking for work in /lava-device/lava-test-runner.conf-1427364997'}
- {target: '<LAVA_TEST_RUNNER>: running 0_smoke-tests-inline under lava-test-shell...'}
- {target: <LAVA_SIGNAL_STARTRUN smoke-tests-basic abb81388-149c-45ff-a53e-f0c229409ffd>}
- {debug: 'Received signal: <STARTRUN> smoke-tests-basic abb81388-149c-45ff-a53e-f0c229409ffd'}
- {target: '#'}
- {debug: 'test shell timeout: 30 seconds'}
- {target: '#'}
- {target: <LAVA_SIGNAL_STARTTC linux-INLINE-pwd>}
- {debug: 'Received signal: <STARTTC> linux-INLINE-pwd'}
- {target: '#'}
- {debug: 'test shell timeout: 30 seconds'}
- {target: '#'}
- {debug: 'Received signal: <ENDTC> linux-INLINE-pwd'}
- {target: /lava-device/tests/0_smoke-tests-inline}
- {target: <LAVA_SIGNAL_ENDTC linux-INLINE-pwd>}
- {debug: 'test shell timeout: 30 seconds'}
- {target: '#'}
- {target: '#'}
- {debug: 'Received signal: <TESTCASE> TEST_CASE_ID=linux-INLINE-pwd RESULT=pass'}
- {debug: 'result: {''test_case_id'': ''linux-INLINE-pwd'', ''result'': ''pass''}'}
- {target: <LAVA_SIGNAL_TESTCASE TEST_CASE_ID=linux-INLINE-pwd RESULT=pass>}
- {target: <LAVA_SIGNAL_STARTTC linux-INLINE-uname>}
- {debug: 'test shell timeout: 30 seconds'}
- {debug: 'Received signal: <STARTTC> linux-INLINE-uname'}
- {target: '#'}
- {target: '#'}
- {debug: 'test shell timeout: 30 seconds'}
- {target: '#'}
- {debug: 'Received signal: <ENDTC> linux-INLINE-uname'}
- {target: 'Linux debian 3.2.0-4-amd64 #1 SMP Debian 3.2.41-2 x86_64 GNU/Linux'}
- {target: <LAVA_SIGNAL_ENDTC linux-INLINE-uname>}
- {debug: 'test shell timeout: 30 seconds'}
- {target: '##'}
- {debug: 'Received signal: <TESTCASE> TEST_CASE_ID=linux-INLINE-uname RESULT=pass'}
- {debug: 'result: {''test_case_id'': ''linux-INLINE-uname'', ''result'': ''pass''}'}
- {target: <LAVA_SIGNAL_TESTCASE TEST_CASE_ID=linux-INLINE-uname RESULT=pass>}
- {debug: 'test shell timeout: 30 seconds'}
- {debug: 'Received signal: <STARTTC> linux-INLINE-vmstat'}
- {target: <LAVA_SIGNAL_STARTTC linux-INLINE-vmstat>}
- {target: '#'}
- {debug: 'test shell timeout: 30 seconds'}
- {target: '#'}
- {debug: 'Received signal: <ENDTC> linux-INLINE-vmstat'}
- {target: '#'}
- {target: procs -----------memory---------- ---swap-- -----io---- -system-- ----cpu----}
- {debug: 'test shell timeout: 30 seconds'}
- {debug: 'Received signal: <TESTCASE> TEST_CASE_ID=linux-INLINE-vmstat RESULT=pass'}
- {debug: 'result: {''test_case_id'': ''linux-INLINE-vmstat'', ''result'': ''pass''}'}
- {target: r  b   swpd   free   buff  cache   si   so    bi    bo   in   cs us sy
    id wa}
- {target: 0  0      0 985768   1436  15332    0    0  2759     1  460 2251  9 30
    51 10}
- {debug: 'test shell timeout: 30 seconds'}
- {debug: 'Received signal: <STARTTC> linux-INLINE-ifconfig'}
- {target: <LAVA_SIGNAL_ENDTC linux-INLINE-vmstat>}
- {target: '#'}
- {debug: 'test shell timeout: 30 seconds'}
- {target: <LAVA_SIGNAL_TESTCASE TEST_CASE_ID=linux-INLINE-vmstat RESULT=pass>}
- {debug: 'Received signal: <ENDTC> linux-INLINE-ifconfig'}
- {target: <LAVA_SIGNAL_STARTTC linux-INLINE-ifconfig>}
- {target: '##'}
- {debug: 'test shell timeout: 30 seconds'}
- {debug: 'Received signal: <TESTCASE> TEST_CASE_ID=linux-INLINE-ifconfig RESULT=pass'}
- {debug: 'result: {''test_case_id'': ''linux-INLINE-ifconfig'', ''result'': ''pass''}'}
- {target: '#'}
- {target: '#'}
- {debug: 'test shell timeout: 30 seconds'}
- {debug: 'Received signal: <STARTTC> linux-INLINE-lscpu'}
- {target: 'eth0      Link encap:Ethernet  HWaddr 52:54:00:12:34:59'}
- {debug: 'test shell timeout: 30 seconds'}
- {debug: 'Received signal: <ENDTC> linux-INLINE-lscpu'}
- {target: 'inet addr:10.0.2.15  Bcast:10.0.2.255  Mask:255.255.255.0'}
- {target: 'inet6 addr: fe80::5054:ff:fe12:3459/64 Scope:Link'}
- {debug: 'test shell timeout: 30 seconds'}
- {target: 'UP BROADCAST RUNNING MULTICAST  MTU:1500  Metric:1'}
- {debug: 'Received signal: <TESTCASE> TEST_CASE_ID=linux-INLINE-lscpu RESULT=pass'}
- {debug: 'result: {''test_case_id'': ''linux-INLINE-lscpu'', ''result'': ''pass''}'}
- {target: 'RX packets:2 errors:0 dropped:0 overruns:0 frame:0'}
- {target: 'TX packets:5 errors:0 dropped:0 overruns:0 carrier:0'}
- {debug: 'test shell timeout: 30 seconds'}
- {debug: 'Received signal: <STARTTC> linux-INLINE-lsusb'}
- {target: 'collisions:0 txqueuelen:1000'}
- {target: 'RX bytes:1180 (1.1 KiB)  TX bytes:922 (922.0 B)'}
- {debug: 'test shell timeout: 30 seconds'}
- {debug: 'Received signal: <ENDTC> linux-INLINE-lsusb'}
- {target: 'lo        Link encap:Local Loopback'}
- {target: 'inet addr:127.0.0.1  Mask:255.0.0.0'}
- {debug: 'test shell timeout: 30 seconds'}
- {debug: 'Received signal: <TESTCASE> TEST_CASE_ID=linux-INLINE-lsusb RESULT=fail'}
- {debug: 'result: {''test_case_id'': ''linux-INLINE-lsusb'', ''result'': ''fail''}'}
- {target: 'inet6 addr: ::1/128 Scope:Host'}
- {target: 'UP LOOPBACK RUNNING  MTU:16436  Metric:1'}
- {debug: 'test shell timeout: 30 seconds'}
- {debug: 'Received signal: <STARTTC> linux-INLINE-lsb_release'}
- {target: 'RX packets:0 errors:0 dropped:0 overruns:0 frame:0'}
- {target: 'TX packets:0 errors:0 dropped:0 overruns:0 carrier:0'}
- {debug: 'test shell timeout: 30 seconds'}
- {debug: 'Received signal: <ENDTC> linux-INLINE-lsb_release'}
- {target: 'collisions:0 txqueuelen:0'}
- {target: 'RX bytes:0 (0.0 B)  TX bytes:0 (0.0 B)'}
- {debug: 'test shell timeout: 30 seconds'}
- {target: <LAVA_SIGNAL_ENDTC linux-INLINE-ifconfig>}
- {debug: 'Received signal: <TESTCASE> TEST_CASE_ID=linux-INLINE-lsb_release RESULT=fail'}
- {debug: 'result: {''test_case_id'': ''linux-INLINE-lsb_release'', ''result'': ''fail''}'}
- {target: '#'}
- {target: <LAVA_SIGNAL_TESTCASE TEST_CASE_ID=linux-INLINE-ifconfig RESULT=pass>}
- {debug: 'test shell timeout: 30 seconds'}
- {debug: 'Received signal: <ENDRUN> smoke-tests-basic abb81388-149c-45ff-a53e-f0c229409ffd'}
- {target: <LAVA_SIGNAL_STARTTC linux-INLINE-lscpu>}
- {target: '#'}
- {debug: 'test shell timeout: 30 seconds'}
- {info: 'ok: lava_test_shell seems to have completed'}
- {debug: 'lava-test-shell duration: 4.95'}
- results: !!python/object/apply:collections.OrderedDict
  - - [linux-INLINE-pwd, pass]
    - [linux-INLINE-uname, pass]
    - [linux-INLINE-vmstat, pass]
    - [linux-INLINE-ifconfig, pass]
    - [linux-INLINE-lscpu, pass]
    - [linux-INLINE-lsusb, fail]
    - [linux-INLINE-lsb_release, fail]
- {info: 'lava-test-retry duration: 4.95'}
- {info: 'start: 4 submit_results (max 60s)'}
- {info: 'submit_results duration: 0.00'}
- {info: 'start: 5 finalize (max 30s)'}
- {debug: 'start: 5.1 power_off (max 5s)'}
- {debug: 'power_off duration: 0.00'}
- {debug: 'Status: Complete'}
- {info: 'finalize duration: 0.20'}
- results: !!python/object/apply:collections.OrderedDict
  - - [status, Complete]
